=== CHECKPOINT: UPS-WP-01-CP2 ===
=== START_UTC: 2026-05-08T01:39:01Z ===

=== COMMAND: pnpm --filter @domainspec/backend check

> @domainspec/backend@0.1.0 check /home/vrondelli/projects/domainspec-core/implementation/domainspec/backend
> tsc -p tsconfig.json --noEmit

=== EXIT_CODE: 0

=== COMMAND: pnpm --filter @domainspec/web check

> @domainspec/web@0.1.0 check /home/vrondelli/projects/domainspec-core/implementation/domainspec/apps/web
> tsc --noEmit

=== EXIT_CODE: 0

=== COMMAND: pnpm --filter @domainspec/backend test -- --test-name-pattern "UPS-CON-001|UPS-CON-002|UPS-CON-003|UPS-OP-001|UPS-OP-002|UPS-OP-003|UPS-OP-004|UPS-ST-001|UPS-ST-002|UPS-ST-003|UPS-ST-004|UPS-API-001|UPS-API-002|UPS-API-003|ui-prototyping-studio"

> @domainspec/backend@0.1.0 test /home/vrondelli/projects/domainspec-core/implementation/domainspec/backend
> tsx --test src/**/*.test.ts "--test-name-pattern" "UPS-CON-001|UPS-CON-002|UPS-CON-003|UPS-OP-001|UPS-OP-002|UPS-OP-003|UPS-OP-004|UPS-ST-001|UPS-ST-002|UPS-ST-003|UPS-ST-004|UPS-API-001|UPS-API-002|UPS-API-003|ui-prototyping-studio"

TAP version 13
# Subtest: rebuild rejects missing required mirror file
ok 1 - rebuild rejects missing required mirror file
  ---
  duration_ms: 7.042041
  ...
# Subtest: rebuild rejects non-canonical edge labels
ok 2 - rebuild rejects non-canonical edge labels
  ---
  duration_ms: 2.849456
  ...
# Subtest: rebuild rejects unknown edge endpoints
ok 3 - rebuild rejects unknown edge endpoints
  ---
  duration_ms: 2.380791
  ...
# Subtest: rebuild rejects unknown project before parser scan
ok 4 - rebuild rejects unknown project before parser scan
  ---
  duration_ms: 1.693066
  ...
# Subtest: rebuild rejects unavailable feature before parser scan
ok 5 - rebuild rejects unavailable feature before parser scan
  ---
  duration_ms: 1.146475
  ...
# Subtest: rebuild rejects invalid source root/path before parser scan
ok 6 - rebuild rejects invalid source root/path before parser scan
  ---
  duration_ms: 1.40264
  ...
# Subtest: rebuild materializes and persists one projection snapshot
ok 7 - rebuild materializes and persists one projection snapshot
  ---
  duration_ms: 40.477353
  ...
# Subtest: parseSpec reads relationship index from feature graph, cross-feature dependencies, and produces-for
ok 8 - parseSpec reads relationship index from feature graph, cross-feature dependencies, and produces-for
  ---
  duration_ms: 41.203081
  ...
# Subtest: scanFeatureFiles rejects path escapes before file reads
ok 9 - scanFeatureFiles rejects path escapes before file reads
  ---
  duration_ms: 16.39753
  ...
# Subtest: UPS-CON-001 UPS-OP-001 ui-prototyping-studio InitializeSession defaults variantCount to 3 and enforces 1..3
ok 10 - UPS-CON-001 UPS-OP-001 ui-prototyping-studio InitializeSession defaults variantCount to 3 and enforces 1..3
  ---
  duration_ms: 7.825633
  ...
# Subtest: UPS-ST-001 ui-prototyping-studio SubmitPrompt transitions SessionInitialized to PromptCaptured
ok 11 - UPS-ST-001 ui-prototyping-studio SubmitPrompt transitions SessionInitialized to PromptCaptured
  ---
  duration_ms: 0.831947
  ...
# Subtest: UPS-CON-002 UPS-OP-002 UPS-ST-002 ui-prototyping-studio GenerateVariants emits exact variant count and metadata contract
ok 12 - UPS-CON-002 UPS-OP-002 UPS-ST-002 ui-prototyping-studio GenerateVariants emits exact variant count and metadata contract
  ---
  duration_ms: 2.068906
  ...
# Subtest: UPS-CON-003 UPS-OP-003 UPS-ST-003 ui-prototyping-studio multi-variant branch requires explicit baseline selection
ok 13 - UPS-CON-003 UPS-OP-003 UPS-ST-003 ui-prototyping-studio multi-variant branch requires explicit baseline selection
  ---
  duration_ms: 1.836724
  ...
# Subtest: UPS-OP-004 UPS-ST-004 ui-prototyping-studio single-variant branch uses committed baseline
ok 14 - UPS-OP-004 UPS-ST-004 ui-prototyping-studio single-variant branch uses committed baseline
  ---
  duration_ms: 1.079974
  ...
# {"level":30,"time":1778204363908,"pid":1561552,"hostname":"vlad","reqId":"req-1","req":{"method":"GET","url":"/health","host":"localhost:80","remoteAddress":"127.0.0.1"},"msg":"incoming request"}
# Subtest: health endpoint returns ok
ok 15 - health endpoint returns ok
  ---
  duration_ms: 448.050016
  ...
# {"level":30,"time":1778204363954,"pid":1561552,"hostname":"vlad","reqId":"req-1","req":{"method":"POST","url":"/api/ui-prototyping-studio/sessions","host":"localhost:80","remoteAddress":"127.0.0.1"},"msg":"incoming request"}
# Subtest: UPS-API-001 ui-prototyping-studio POST /sessions maps InitializeSession request fields
ok 16 - UPS-API-001 ui-prototyping-studio POST /sessions maps InitializeSession request fields
  ---
  duration_ms: 30.014414
  ...
# {"level":30,"time":1778204363979,"pid":1561552,"hostname":"vlad","reqId":"req-1","req":{"method":"POST","url":"/api/ui-prototyping-studio/sessions","host":"localhost:80","remoteAddress":"127.0.0.1"},"msg":"incoming request"}
# {"level":30,"time":1778204363922,"pid":1561552,"hostname":"vlad","reqId":"req-1","res":{"statusCode":200},"responseTime":12.320946991443634,"msg":"request completed"}
# {"level":30,"time":1778204363962,"pid":1561552,"hostname":"vlad","reqId":"req-1","res":{"statusCode":201},"responseTime":7.164153009653091,"msg":"request completed"}
# {"level":30,"time":1778204363993,"pid":1561552,"hostname":"vlad","reqId":"req-1","res":{"statusCode":201},"responseTime":13.210085988044739,"msg":"request completed"}
# {"level":30,"time":1778204363995,"pid":1561552,"hostname":"vlad","reqId":"req-2","req":{"method":"POST","url":"/api/ui-prototyping-studio/sessions/ups-session-0001/prompt","host":"localhost:80","remoteAddress":"127.0.0.1"},"msg":"incoming request"}
# {"level":30,"time":1778204363999,"pid":1561552,"hostname":"vlad","reqId":"req-2","res":{"statusCode":200},"responseTime":2.9960080087184906,"msg":"request completed"}
# {"level":30,"time":1778204364000,"pid":1561552,"hostname":"vlad","reqId":"req-3","req":{"method":"POST","url":"/api/ui-prototyping-studio/sessions/ups-session-0001/variants/generate","host":"localhost:80","remoteAddress":"127.0.0.1"},"msg":"incoming request"}
# Subtest: UPS-API-002 ui-prototyping-studio POST /sessions/:sessionId/variants/generate exposes GenerateVariants
ok 17 - UPS-API-002 ui-prototyping-studio POST /sessions/:sessionId/variants/generate exposes GenerateVariants
  ---
  duration_ms: 41.65605
  ...
# {"level":30,"time":1778204364026,"pid":1561552,"hostname":"vlad","reqId":"req-1","req":{"method":"POST","url":"/api/ui-prototyping-studio/sessions","host":"localhost:80","remoteAddress":"127.0.0.1"},"msg":"incoming request"}
# {"level":30,"time":1778204364004,"pid":1561552,"hostname":"vlad","reqId":"req-3","res":{"statusCode":200},"responseTime":3.3257830142974854,"msg":"request completed"}
# {"level":30,"time":1778204364029,"pid":1561552,"hostname":"vlad","reqId":"req-1","res":{"statusCode":201},"responseTime":2.822052001953125,"msg":"request completed"}
# {"level":30,"time":1778204364031,"pid":1561552,"hostname":"vlad","reqId":"req-2","req":{"method":"POST","url":"/api/ui-prototyping-studio/sessions/ups-session-0001/prompt","host":"localhost:80","remoteAddress":"127.0.0.1"},"msg":"incoming request"}
# {"level":30,"time":1778204364034,"pid":1561552,"hostname":"vlad","reqId":"req-2","res":{"statusCode":200},"responseTime":3.0571669936180115,"msg":"request completed"}
# {"level":30,"time":1778204364035,"pid":1561552,"hostname":"vlad","reqId":"req-3","req":{"method":"POST","url":"/api/ui-prototyping-studio/sessions/ups-session-0001/variants/generate","host":"localhost:80","remoteAddress":"127.0.0.1"},"msg":"incoming request"}
# {"level":30,"time":1778204364038,"pid":1561552,"hostname":"vlad","reqId":"req-3","res":{"statusCode":200},"responseTime":2.3661760091781616,"msg":"request completed"}
# {"level":30,"time":1778204364041,"pid":1561552,"hostname":"vlad","reqId":"req-4","req":{"method":"POST","url":"/api/ui-prototyping-studio/sessions/ups-session-0001/baseline","host":"localhost:80","remoteAddress":"127.0.0.1"},"msg":"incoming request"}
# {"level":30,"time":1778204364048,"pid":1561552,"hostname":"vlad","reqId":"req-4","res":{"statusCode":409},"responseTime":6.820446997880936,"msg":"request completed"}
# {"level":30,"time":1778204364049,"pid":1561552,"hostname":"vlad","reqId":"req-5","req":{"method":"POST","url":"/api/ui-prototyping-studio/sessions/ups-session-0001/baseline","host":"localhost:80","remoteAddress":"127.0.0.1"},"msg":"incoming request"}
# Subtest: UPS-API-003 ui-prototyping-studio POST /sessions/:sessionId/baseline exposes SelectOrCommitBaseline
ok 18 - UPS-API-003 ui-prototyping-studio POST /sessions/:sessionId/baseline exposes SelectOrCommitBaseline
  ---
  duration_ms: 51.614866
  ...
# {"level":30,"time":1778204364104,"pid":1561552,"hostname":"vlad","reqId":"req-1","req":{"method":"POST","url":"/api/knowledge-graph/rebuild","host":"localhost:80","remoteAddress":"127.0.0.1"},"msg":"incoming request"}
# {"level":30,"time":1778204364053,"pid":1561552,"hostname":"vlad","reqId":"req-5","res":{"statusCode":200},"responseTime":3.356680005788803,"msg":"request completed"}
# {"level":30,"time":1778204364055,"pid":1561552,"hostname":"vlad","reqId":"req-6","req":{"method":"GET","url":"/api/ui-prototyping-studio/sessions/ups-session-0001","host":"localhost:80","remoteAddress":"127.0.0.1"},"msg":"incoming request"}
# {"level":30,"time":1778204364056,"pid":1561552,"hostname":"vlad","reqId":"req-6","res":{"statusCode":200},"responseTime":1.361858993768692,"msg":"request completed"}
# {"level":30,"time":1778204364107,"pid":1561552,"hostname":"vlad","reqId":"req-1","res":{"statusCode":401},"responseTime":2.905788004398346,"msg":"request completed"}
# {"level":30,"time":1778204364108,"pid":1561552,"hostname":"vlad","reqId":"req-2","req":{"method":"POST","url":"/api/knowledge-graph/rebuild","host":"localhost:80","remoteAddress":"127.0.0.1"},"msg":"incoming request"}
# Subtest: KG-BE-API-014 KG-BE-API-015 rebuild requires write scope and returns deterministic 401/403 diagnostics
ok 19 - KG-BE-API-014 KG-BE-API-015 rebuild requires write scope and returns deterministic 401/403 diagnostics
  ---
  duration_ms: 65.785386
  ...
# {"level":30,"time":1778204364168,"pid":1561552,"hostname":"vlad","reqId":"req-1","req":{"method":"POST","url":"/api/knowledge-graph/rebuild","host":"localhost:80","remoteAddress":"127.0.0.1"},"msg":"incoming request"}
# {"level":30,"time":1778204364110,"pid":1561552,"hostname":"vlad","reqId":"req-2","res":{"statusCode":403},"responseTime":1.7990520000457764,"msg":"request completed"}
# {"level":30,"time":1778204364224,"pid":1561552,"hostname":"vlad","reqId":"req-1","res":{"statusCode":200},"responseTime":56.10147500038147,"msg":"request completed"}
# Subtest: KG-BE-API-016 KG-BE-QRY-001 rebuild persists projection and read endpoints return latest snapshot
ok 20 - KG-BE-API-016 KG-BE-QRY-001 rebuild persists projection and read endpoints return latest snapshot
  ---
  duration_ms: 136.084641
  ...
# {"level":30,"time":1778204364308,"pid":1561552,"hostname":"vlad","reqId":"req-1","req":{"method":"POST","url":"/api/knowledge-graph/rebuild","host":"localhost:80","remoteAddress":"127.0.0.1"},"msg":"incoming request"}
# {"level":30,"time":1778204364226,"pid":1561552,"hostname":"vlad","reqId":"req-2","req":{"method":"GET","url":"/api/knowledge-graph/mirror-cards?featureId=knowledge-graph-visualization","host":"localhost:80","remoteAddress":"127.0.0.1"},"msg":"incoming request"}
# {"level":30,"time":1778204364236,"pid":1561552,"hostname":"vlad","reqId":"req-2","res":{"statusCode":200},"responseTime":10.269930005073547,"msg":"request completed"}
# {"level":30,"time":1778204364237,"pid":1561552,"hostname":"vlad","reqId":"req-3","req":{"method":"GET","url":"/api/knowledge-graph/graph?featureId=knowledge-graph-visualization","host":"localhost:80","remoteAddress":"127.0.0.1"},"msg":"incoming request"}
# {"level":30,"time":1778204364245,"pid":1561552,"hostname":"vlad","reqId":"req-3","res":{"statusCode":200},"responseTime":7.506815999746323,"msg":"request completed"}
# {"level":30,"time":1778204364323,"pid":1561552,"hostname":"vlad","reqId":"req-1","res":{"statusCode":200},"responseTime":15.023322999477386,"msg":"request completed"}
# {"level":30,"time":1778204364324,"pid":1561552,"hostname":"vlad","reqId":"req-2","req":{"method":"GET","url":"/api/knowledge-graph/graph?featureId=knowledge-graph-visualization&viewLevel=concept&activeAspect=SPEC","host":"localhost:80","remoteAddress":"127.0.0.1"},"msg":"incoming request"}
# {"level":30,"time":1778204364328,"pid":1561552,"hostname":"vlad","reqId":"req-2","res":{"statusCode":200},"responseTime":3.838261991739273,"msg":"request completed"}
# {"level":30,"time":1778204364329,"pid":1561552,"hostname":"vlad","reqId":"req-3","req":{"method":"GET","url":"/api/knowledge-graph/concepts/consumer.knowledge-graph-visualization.documentation-reviewers?featureId=knowledge-graph-visualization","host":"localhost:80","remoteAddress":"127.0.0.1"},"msg":"incoming request"}
# {"level":30,"time":1778204364330,"pid":1561552,"hostname":"vlad","reqId":"req-3","res":{"statusCode":401},"responseTime":0.6752449870109558,"msg":"request completed"}
# {"level":30,"time":1778204364330,"pid":1561552,"hostname":"vlad","reqId":"req-4","req":{"method":"GET","url":"/api/knowledge-graph/concepts/consumer.knowledge-graph-visualization.documentation-reviewers?featureId=knowledge-graph-visualization&sessionId=session-stage2&source=graph","host":"localhost:80","remoteAddress":"127.0.0.1"},"msg":"incoming request"}
# {"level":30,"time":1778204364338,"pid":1561552,"hostname":"vlad","reqId":"req-4","res":{"statusCode":200},"responseTime":7.448542982339859,"msg":"request completed"}
# {"level":30,"time":1778204364338,"pid":1561552,"hostname":"vlad","reqId":"req-5","req":{"method":"GET","url":"/api/knowledge-graph/concepts/consumer.knowledge-graph-visualization.documentation-reviewers/definition?featureId=knowledge-graph-visualization","host":"localhost:80","remoteAddress":"127.0.0.1"},"msg":"incoming request"}
# {"level":30,"time":1778204364342,"pid":1561552,"hostname":"vlad","reqId":"req-5","res":{"statusCode":200},"responseTime":3.117107003927231,"msg":"request completed"}
# {"level":30,"time":1778204364342,"pid":1561552,"hostname":"vlad","reqId":"req-6","req":{"method":"POST","url":"/api/knowledge-graph/concepts/consumer.knowledge-graph-visualization.documentation-reviewers/open-definition?featureId=knowledge-graph-visualization","host":"localhost:80","remoteAddress":"127.0.0.1"},"msg":"incoming request"}
# Subtest: concept detail, definition, and open-definition endpoints satisfy stage-2 contract
ok 21 - concept detail, definition, and open-definition endpoints satisfy stage-2 contract
  ---
  duration_ms: 105.041402
  ...
# {"level":30,"time":1778204364408,"pid":1561552,"hostname":"vlad","reqId":"req-1","req":{"method":"POST","url":"/api/knowledge-graph/rebuild","host":"localhost:80","remoteAddress":"127.0.0.1"},"msg":"incoming request"}
# {"level":30,"time":1778204364350,"pid":1561552,"hostname":"vlad","reqId":"req-6","res":{"statusCode":200},"responseTime":8.071442991495132,"msg":"request completed"}
# {"level":30,"time":1778204364424,"pid":1561552,"hostname":"vlad","reqId":"req-1","res":{"statusCode":200},"responseTime":15.4549979865551,"msg":"request completed"}
# {"level":30,"time":1778204364425,"pid":1561552,"hostname":"vlad","reqId":"req-2","req":{"method":"GET","url":"/api/knowledge-graph/graph?featureId=knowledge-graph-visualization&viewLevel=concept&activeAspect=SPEC","host":"localhost:80","remoteAddress":"127.0.0.1"},"msg":"incoming request"}
# {"level":30,"time":1778204364430,"pid":1561552,"hostname":"vlad","reqId":"req-2","res":{"statusCode":200},"responseTime":4.272891014814377,"msg":"request completed"}
# {"level":30,"time":1778204364431,"pid":1561552,"hostname":"vlad","reqId":"req-3","req":{"method":"GET","url":"/api/knowledge-graph/concepts/consumer.knowledge-graph-visualization.documentation-reviewers?featureId=knowledge-graph-visualization&sessionId=session-mismatch&source=graph","host":"localhost:80","remoteAddress":"127.0.0.1"},"msg":"incoming request"}
# {"level":30,"time":1778204364438,"pid":1561552,"hostname":"vlad","reqId":"req-3","res":{"statusCode":200},"responseTime":6.886002004146576,"msg":"request completed"}
# {"level":30,"time":1778204364438,"pid":1561552,"hostname":"vlad","reqId":"req-4","req":{"method":"POST","url":"/api/knowledge-graph/concepts/consumer.knowledge-graph-visualization.domainspec-maintainers/open-definition?featureId=knowledge-graph-visualization","host":"localhost:80","remoteAddress":"127.0.0.1"},"msg":"incoming request"}
# Subtest: open-definition returns deterministic mismatch diagnostics
ok 22 - open-definition returns deterministic mismatch diagnostics
  ---
  duration_ms: 89.898948
  ...
# {"level":30,"time":1778204364502,"pid":1561552,"hostname":"vlad","reqId":"req-1","req":{"method":"POST","url":"/api/knowledge-graph/rebuild","host":"localhost:80","remoteAddress":"127.0.0.1"},"msg":"incoming request"}
# {"level":30,"time":1778204364440,"pid":1561552,"hostname":"vlad","reqId":"req-4","res":{"statusCode":409},"responseTime":1.6507520079612732,"msg":"request completed"}
# {"level":30,"time":1778204364505,"pid":1561552,"hostname":"vlad","reqId":"req-1","res":{"statusCode":404},"responseTime":2.290270984172821,"msg":"request completed"}
# Subtest: rebuild rejects unknown project with deterministic code
ok 23 - rebuild rejects unknown project with deterministic code
  ---
  duration_ms: 64.934125
  ...
# {"level":30,"time":1778204364569,"pid":1561552,"hostname":"vlad","reqId":"req-1","req":{"method":"POST","url":"/api/knowledge-graph/rebuild","host":"localhost:80","remoteAddress":"127.0.0.1"},"msg":"incoming request"}
# {"level":30,"time":1778204364579,"pid":1561552,"hostname":"vlad","reqId":"req-1","res":{"statusCode":200},"responseTime":9.58101800084114,"msg":"request completed"}
# Subtest: KG-BE-API-001 KG-BE-IFMAP-001 KG-BE-IFMAP-002 mirror-cards maps feature and aspect filters deterministically
ok 24 - KG-BE-API-001 KG-BE-IFMAP-001 KG-BE-IFMAP-002 mirror-cards maps feature and aspect filters deterministically
  ---
  duration_ms: 79.439323
  ...
# {"level":30,"time":1778204364642,"pid":1561552,"hostname":"vlad","reqId":"req-1","req":{"method":"POST","url":"/api/knowledge-graph/rebuild","host":"localhost:80","remoteAddress":"127.0.0.1"},"msg":"incoming request"}
# {"level":30,"time":1778204364580,"pid":1561552,"hostname":"vlad","reqId":"req-2","req":{"method":"GET","url":"/api/knowledge-graph/mirror-cards?featureId=knowledge-graph-visualization&includeOptionalAspects=false&aspectKinds=SPEC,OPERATIONS","host":"localhost:80","remoteAddress":"127.0.0.1"},"msg":"incoming request"}
# {"level":30,"time":1778204364584,"pid":1561552,"hostname":"vlad","reqId":"req-2","res":{"statusCode":200},"responseTime":4.367003977298737,"msg":"request completed"}
# {"level":30,"time":1778204364653,"pid":1561552,"hostname":"vlad","reqId":"req-1","res":{"statusCode":200},"responseTime":10.70371699333191,"msg":"request completed"}
# Subtest: KG-BE-API-004 KG-BE-IFMAP-004 graph applies edgeKinds filter
ok 25 - KG-BE-API-004 KG-BE-IFMAP-004 graph applies edgeKinds filter
  ---
  duration_ms: 76.09996
  ...
# {"level":30,"time":1778204364727,"pid":1561552,"hostname":"vlad","reqId":"req-1","req":{"method":"GET","url":"/api/knowledge-graph/mirror-cards?projectKey=disabled-project&featureId=knowledge-graph-visualization","host":"localhost:80","remoteAddress":"127.0.0.1"},"msg":"incoming request"}
# Subtest: cross-project scope guards reject disabled project keys and unavailable features
ok 26 - cross-project scope guards reject disabled project keys and unavailable features
  ---
  duration_ms: 67.262528
  ...
# {"level":30,"time":1778204364796,"pid":1561552,"hostname":"vlad","reqId":"req-1","req":{"method":"POST","url":"/api/knowledge-graph/rebuild","host":"localhost:80","remoteAddress":"127.0.0.1"},"msg":"incoming request"}
# {"level":30,"time":1778204364654,"pid":1561552,"hostname":"vlad","reqId":"req-2","req":{"method":"GET","url":"/api/knowledge-graph/graph?featureId=knowledge-graph-visualization&viewLevel=aspect&activeAspect=SPEC","host":"localhost:80","remoteAddress":"127.0.0.1"},"msg":"incoming request"}
# {"level":30,"time":1778204364657,"pid":1561552,"hostname":"vlad","reqId":"req-2","res":{"statusCode":200},"responseTime":3.028800994157791,"msg":"request completed"}
# {"level":30,"time":1778204364657,"pid":1561552,"hostname":"vlad","reqId":"req-3","req":{"method":"GET","url":"/api/knowledge-graph/graph?featureId=knowledge-graph-visualization&viewLevel=aspect&activeAspect=SPEC&edgeKinds=queries","host":"localhost:80","remoteAddress":"127.0.0.1"},"msg":"incoming request"}
# {"level":30,"time":1778204364662,"pid":1561552,"hostname":"vlad","reqId":"req-3","res":{"statusCode":200},"responseTime":4.7286209762096405,"msg":"request completed"}
# {"level":30,"time":1778204364728,"pid":1561552,"hostname":"vlad","reqId":"req-1","res":{"statusCode":404},"responseTime":0.8895319998264313,"msg":"request completed"}
# {"level":30,"time":1778204364729,"pid":1561552,"hostname":"vlad","reqId":"req-2","req":{"method":"GET","url":"/api/knowledge-graph/graph?projectKey=domainspec-core&featureId=missing-feature&viewLevel=aspect&activeAspect=SPEC","host":"localhost:80","remoteAddress":"127.0.0.1"},"msg":"incoming request"}
# {"level":30,"time":1778204364731,"pid":1561552,"hostname":"vlad","reqId":"req-2","res":{"statusCode":404},"responseTime":1.2832149863243103,"msg":"request completed"}
# {"level":30,"time":1778204364810,"pid":1561552,"hostname":"vlad","reqId":"req-1","res":{"statusCode":200},"responseTime":13.032218009233475,"msg":"request completed"}
# Subtest: cross-project scope guards isolate snapshots per (projectKey, featureId)
ok 27 - cross-project scope guards isolate snapshots per (projectKey, featureId)
  ---
  duration_ms: 86.405613
  ...
# {"level":30,"time":1778204364887,"pid":1561552,"hostname":"vlad","reqId":"req-1","req":{"method":"POST","url":"/api/knowledge-graph/rebuild","host":"localhost:80","remoteAddress":"127.0.0.1"},"msg":"incoming request"}
# {"level":30,"time":1778204364811,"pid":1561552,"hostname":"vlad","reqId":"req-2","req":{"method":"GET","url":"/api/knowledge-graph/mirror-cards?projectKey=alt-project&featureId=knowledge-graph-visualization","host":"localhost:80","remoteAddress":"127.0.0.1"},"msg":"incoming request"}
# {"level":30,"time":1778204364814,"pid":1561552,"hostname":"vlad","reqId":"req-2","res":{"statusCode":200},"responseTime":3.3347280025482178,"msg":"request completed"}
# {"level":30,"time":1778204364815,"pid":1561552,"hostname":"vlad","reqId":"req-3","req":{"method":"GET","url":"/api/knowledge-graph/mirror-cards?projectKey=domainspec-core&featureId=knowledge-graph-visualization","host":"localhost:80","remoteAddress":"127.0.0.1"},"msg":"incoming request"}
# {"level":30,"time":1778204364817,"pid":1561552,"hostname":"vlad","reqId":"req-3","res":{"statusCode":404},"responseTime":2.1644700169563293,"msg":"request completed"}
# {"level":30,"time":1778204364897,"pid":1561552,"hostname":"vlad","reqId":"req-1","res":{"statusCode":200},"responseTime":9.40243798494339,"msg":"request completed"}
# Subtest: graph query maps board-level fields and validates selected group card
ok 28 - graph query maps board-level fields and validates selected group card
  ---
  duration_ms: 94.046359
  ...
# {"level":30,"time":1778204364959,"pid":1561552,"hostname":"vlad","reqId":"req-1","req":{"method":"POST","url":"/api/knowledge-graph/rebuild","host":"localhost:80","remoteAddress":"127.0.0.1"},"msg":"incoming request"}
# {"level":30,"time":1778204364898,"pid":1561552,"hostname":"vlad","reqId":"req-2","req":{"method":"GET","url":"/api/knowledge-graph/graph?featureId=knowledge-graph-visualization&viewLevel=concept&activeAspect=SPEC","host":"localhost:80","remoteAddress":"127.0.0.1"},"msg":"incoming request"}
# {"level":30,"time":1778204364901,"pid":1561552,"hostname":"vlad","reqId":"req-2","res":{"statusCode":200},"responseTime":2.8350709974765778,"msg":"request completed"}
# {"level":30,"time":1778204364902,"pid":1561552,"hostname":"vlad","reqId":"req-3","req":{"method":"GET","url":"/api/knowledge-graph/graph?featureId=knowledge-graph-visualization&viewLevel=concept&activeAspect=SPEC&selectedGroupKey=SPEC.md&cardTypes=concept","host":"localhost:80","remoteAddress":"127.0.0.1"},"msg":"incoming request"}
# {"level":30,"time":1778204364907,"pid":1561552,"hostname":"vlad","reqId":"req-3","res":{"statusCode":200},"responseTime":4.646941989660263,"msg":"request completed"}
# {"level":30,"time":1778204364907,"pid":1561552,"hostname":"vlad","reqId":"req-4","req":{"method":"GET","url":"/api/knowledge-graph/graph?featureId=knowledge-graph-visualization&viewLevel=concept&activeAspect=SPEC&selectedGroupKey=missing-group","host":"localhost:80","remoteAddress":"127.0.0.1"},"msg":"incoming request"}
# {"level":30,"time":1778204364910,"pid":1561552,"hostname":"vlad","reqId":"req-4","res":{"statusCode":404},"responseTime":2.660991996526718,"msg":"request completed"}
# {"level":30,"time":1778204364967,"pid":1561552,"hostname":"vlad","reqId":"req-1","res":{"statusCode":200},"responseTime":7.493279993534088,"msg":"request completed"}
# Subtest: concept detail selection enforces whiteboard card validation diagnostics
ok 29 - concept detail selection enforces whiteboard card validation diagnostics
  ---
  duration_ms: 67.36708
  ...
# {"level":30,"time":1778204365030,"pid":1561552,"hostname":"vlad","reqId":"req-1","req":{"method":"POST","url":"/api/knowledge-graph/rebuild","host":"localhost:80","remoteAddress":"127.0.0.1"},"msg":"incoming request"}
# {"level":30,"time":1778204364967,"pid":1561552,"hostname":"vlad","reqId":"req-2","req":{"method":"GET","url":"/api/knowledge-graph/graph?featureId=knowledge-graph-visualization&viewLevel=concept&activeAspect=SPEC","host":"localhost:80","remoteAddress":"127.0.0.1"},"msg":"incoming request"}
# {"level":30,"time":1778204364970,"pid":1561552,"hostname":"vlad","reqId":"req-2","res":{"statusCode":200},"responseTime":3.1761410236358643,"msg":"request completed"}
# {"level":30,"time":1778204364972,"pid":1561552,"hostname":"vlad","reqId":"req-3","req":{"method":"GET","url":"/api/knowledge-graph/concepts/consumer.knowledge-graph-visualization.documentation-reviewers?featureId=knowledge-graph-visualization&sessionId=session-card-validation&source=board&viewLevel=concept&activeAspect=SPEC&selectedCardType=concept&selectedCardId=concept%3Amissing.concept","host":"localhost:80","remoteAddress":"127.0.0.1"},"msg":"incoming request"}
# {"level":30,"time":1778204364975,"pid":1561552,"hostname":"vlad","reqId":"req-3","res":{"statusCode":404},"responseTime":3.6424849927425385,"msg":"request completed"}
# {"level":30,"time":1778204364976,"pid":1561552,"hostname":"vlad","reqId":"req-4","req":{"method":"GET","url":"/api/knowledge-graph/concepts/consumer.knowledge-graph-visualization.documentation-reviewers?featureId=knowledge-graph-visualization&sessionId=session-card-validation&source=board&viewLevel=concept&activeAspect=SPEC&selectedCardType=concept&selectedCardId=concept%3Aconsumer.knowledge-graph-visualization.domainspec-maintainers","host":"localhost:80","remoteAddress":"127.0.0.1"},"msg":"incoming request"}
# {"level":30,"time":1778204364979,"pid":1561552,"hostname":"vlad","reqId":"req-4","res":{"statusCode":422},"responseTime":2.682891994714737,"msg":"request completed"}
# {"level":30,"time":1778204365039,"pid":1561552,"hostname":"vlad","reqId":"req-1","res":{"statusCode":200},"responseTime":8.701388001441956,"msg":"request completed"}
# {"level":30,"time":1778204365040,"pid":1561552,"hostname":"vlad","reqId":"req-2","req":{"method":"GET","url":"/api/knowledge-graph/graph?projectKey=domainspec-core&featureId=knowledge-graph-visualization&viewLevel=concept&activeAspect=SPEC","host":"localhost:80","remoteAddress":"127.0.0.1"},"msg":"incoming request"}
# {"level":30,"time":1778204365043,"pid":1561552,"hostname":"vlad","reqId":"req-2","res":{"statusCode":200},"responseTime":2.7434210181236267,"msg":"request completed"}
# {"level":30,"time":1778204365044,"pid":1561552,"hostname":"vlad","reqId":"req-3","req":{"method":"GET","url":"/api/knowledge-graph/concepts/consumer.knowledge-graph-visualization.documentation-reviewers?projectKey=domainspec-core&featureId=knowledge-graph-visualization&sessionId=session-scope-mismatch&source=board&viewLevel=concept&activeAspect=SPEC","host":"localhost:80","remoteAddress":"127.0.0.1"},"msg":"incoming request"}
# {"level":30,"time":1778204365047,"pid":1561552,"hostname":"vlad","reqId":"req-3","res":{"statusCode":200},"responseTime":3.6854290068149567,"msg":"request completed"}
# {"level":30,"time":1778204365048,"pid":1561552,"hostname":"vlad","reqId":"req-4","req":{"method":"GET","url":"/api/knowledge-graph/concepts/consumer.knowledge-graph-visualization.documentation-reviewers?projectKey=alt-project&featureId=knowledge-graph-visualization&sessionId=session-scope-mismatch&source=board&viewLevel=concept&activeAspect=SPEC","host":"localhost:80","remoteAddress":"127.0.0.1"},"msg":"incoming request"}
# {"level":30,"time":1778204365049,"pid":1561552,"hostname":"vlad","reqId":"req-4","res":{"statusCode":409},"responseTime":0.6046479940414429,"msg":"request completed"}
# {"level":30,"time":1778204365049,"pid":1561552,"hostname":"vlad","reqId":"req-5","req":{"method":"POST","url":"/api/knowledge-graph/concepts/consumer.knowledge-graph-visualization.documentation-reviewers/open-definition?projectKey=alt-project&featureId=knowledge-graph-visualization","host":"localhost:80","remoteAddress":"127.0.0.1"},"msg":"incoming request"}
# Subtest: concept and definition operations return scope mismatch diagnostics for reused session IDs
ok 30 - concept and definition operations return scope mismatch diagnostics for reused session IDs
  ---
  duration_ms: 74.367314
  ...
# {"level":30,"time":1778204365106,"pid":1561552,"hostname":"vlad","reqId":"req-1","req":{"method":"POST","url":"/api/knowledge-graph/rebuild","host":"localhost:80","remoteAddress":"127.0.0.1"},"msg":"incoming request"}
# {"level":30,"time":1778204365051,"pid":1561552,"hostname":"vlad","reqId":"req-5","res":{"statusCode":409},"responseTime":1.8834720253944397,"msg":"request completed"}
# {"level":30,"time":1778204365109,"pid":1561552,"hostname":"vlad","reqId":"req-1","res":{"statusCode":422},"responseTime":2.657798022031784,"msg":"request completed"}
# Subtest: rebuild rejects invalid feature path escapes before file reads
ok 31 - rebuild rejects invalid feature path escapes before file reads
  ---
  duration_ms: 55.920929
  ...
1..31
# tests 31
# suites 0
# pass 31
# fail 0
# cancelled 0
# skipped 0
# todo 0
# duration_ms 3665.986053
=== EXIT_CODE: 0

=== COMMAND: pnpm --filter @domainspec/web test:e2e -- --grep "UPS-UI-001|UPS-UI-002|UPS-UI-003|UPS-UI-004|UPS-UI-005|ui-prototyping-studio"

> @domainspec/web@0.1.0 test:e2e /home/vrondelli/projects/domainspec-core/implementation/domainspec/apps/web
> playwright test "--" "--grep" "UPS-UI-001|UPS-UI-002|UPS-UI-003|UPS-UI-004|UPS-UI-005|ui-prototyping-studio"


Running 5 tests using 1 worker

  ✓  1 [chromium] › e2e/ui-prototyping-studio/ui-prototyping-studio.wp01.spec.ts:10:3 › ui-prototyping-studio WP-01 › UPS-UI-001 ui-prototyping-studio route exposes authenticated workbench shell (1.0s)
  ✓  2 [chromium] › e2e/ui-prototyping-studio/ui-prototyping-studio.wp01.spec.ts:24:3 › ui-prototyping-studio WP-01 › UPS-UI-002 ui-prototyping-studio renders required workbench panels (820ms)
  ✓  3 [chromium] › e2e/ui-prototyping-studio/ui-prototyping-studio.wp01.spec.ts:46:3 › ui-prototyping-studio WP-01 › UPS-UI-003 ui-prototyping-studio form contracts enforce variantCount bounds selector (684ms)
  ✓  4 [chromium] › e2e/ui-prototyping-studio/ui-prototyping-studio.wp01.spec.ts:55:3 › ui-prototyping-studio WP-01 › UPS-UI-004 ui-prototyping-studio multi-variant flow locks annotation until explicit baseline selection (1.2s)
  ✓  5 [chromium] › e2e/ui-prototyping-studio/ui-prototyping-studio.wp01.spec.ts:84:3 › ui-prototyping-studio WP-01 › UPS-UI-005 ui-prototyping-studio single-variant flow shows committed baseline path (1.1s)

  5 passed (8.0s)
=== EXIT_CODE: 0

=== CHECKPOINT_EXIT_CODE: 0
=== END_UTC: 2026-05-08T01:39:38Z ===
