=== STAGE_RUN_ID: uips-task01-alignment-20260508T021240Z ===
=== START_UTC: 2026-05-08T02:15:43Z ===

=== COMMAND: pnpm --filter @domainspec/backend test -- --test-name-pattern "UPS-API-001|UPS-API-002|UPS-API-003|UPS-CON-001|UPS-CON-002|UPS-CON-003|UPS-OP-001|UPS-OP-002|UPS-OP-003|UPS-OP-004|UPS-ST-001|UPS-ST-002|UPS-ST-003|UPS-ST-004|ui-prototyping-studio"

> @domainspec/backend@0.1.0 test /home/vrondelli/projects/domainspec-core/implementation/domainspec/backend
> tsx --test src/**/*.test.ts "--test-name-pattern" "UPS-API-001|UPS-API-002|UPS-API-003|UPS-CON-001|UPS-CON-002|UPS-CON-003|UPS-OP-001|UPS-OP-002|UPS-OP-003|UPS-OP-004|UPS-ST-001|UPS-ST-002|UPS-ST-003|UPS-ST-004|ui-prototyping-studio"

TAP version 13
# Subtest: rebuild rejects missing required mirror file
ok 1 - rebuild rejects missing required mirror file
  ---
  duration_ms: 6.08033
  ...
# Subtest: rebuild rejects non-canonical edge labels
ok 2 - rebuild rejects non-canonical edge labels
  ---
  duration_ms: 2.446409
  ...
# Subtest: rebuild rejects unknown edge endpoints
ok 3 - rebuild rejects unknown edge endpoints
  ---
  duration_ms: 1.675156
  ...
# Subtest: rebuild rejects unknown project before parser scan
ok 4 - rebuild rejects unknown project before parser scan
  ---
  duration_ms: 1.354529
  ...
# Subtest: rebuild rejects unavailable feature before parser scan
ok 5 - rebuild rejects unavailable feature before parser scan
  ---
  duration_ms: 1.173185
  ...
# Subtest: rebuild rejects invalid source root/path before parser scan
ok 6 - rebuild rejects invalid source root/path before parser scan
  ---
  duration_ms: 1.271782
  ...
# Subtest: rebuild materializes and persists one projection snapshot
ok 7 - rebuild materializes and persists one projection snapshot
  ---
  duration_ms: 33.220972
  ...
# Subtest: parseSpec reads relationship index from feature graph, cross-feature dependencies, and produces-for
ok 8 - parseSpec reads relationship index from feature graph, cross-feature dependencies, and produces-for
  ---
  duration_ms: 35.529465
  ...
# Subtest: scanFeatureFiles rejects path escapes before file reads
ok 9 - scanFeatureFiles rejects path escapes before file reads
  ---
  duration_ms: 6.321372
  ...
# Subtest: UPS-CON-001 UPS-OP-001 ui-prototyping-studio InitializeSession defaults variantCount to 3 and enforces 1..3
ok 10 - UPS-CON-001 UPS-OP-001 ui-prototyping-studio InitializeSession defaults variantCount to 3 and enforces 1..3
  ---
  duration_ms: 7.727257
  ...
# Subtest: UPS-ST-001 ui-prototyping-studio SubmitPrompt transitions SessionInitialized to PromptCaptured
ok 11 - UPS-ST-001 ui-prototyping-studio SubmitPrompt transitions SessionInitialized to PromptCaptured
  ---
  duration_ms: 0.700518
  ...
# Subtest: UPS-CON-002 UPS-OP-002 UPS-ST-002 ui-prototyping-studio GenerateVariants emits exact variant count and metadata contract
ok 12 - UPS-CON-002 UPS-OP-002 UPS-ST-002 ui-prototyping-studio GenerateVariants emits exact variant count and metadata contract
  ---
  duration_ms: 1.02959
  ...
# Subtest: UPS-CON-003 UPS-OP-003 UPS-ST-003 ui-prototyping-studio multi-variant branch requires explicit baseline selection
ok 13 - UPS-CON-003 UPS-OP-003 UPS-ST-003 ui-prototyping-studio multi-variant branch requires explicit baseline selection
  ---
  duration_ms: 1.313714
  ...
# Subtest: UPS-OP-004 UPS-ST-004 ui-prototyping-studio single-variant branch uses committed baseline
ok 14 - UPS-OP-004 UPS-ST-004 ui-prototyping-studio single-variant branch uses committed baseline
  ---
  duration_ms: 0.546499
  ...
# {"level":30,"time":1778206549258,"pid":1579968,"hostname":"vlad","reqId":"req-1","req":{"method":"GET","url":"/health","host":"localhost:80","remoteAddress":"127.0.0.1"},"msg":"incoming request"}
# Subtest: health endpoint returns ok
ok 15 - health endpoint returns ok
  ---
  duration_ms: 390.7782
  ...
# {"level":30,"time":1778206549300,"pid":1579968,"hostname":"vlad","reqId":"req-1","req":{"method":"POST","url":"/api/ui-prototyping-studio/sessions","host":"localhost:80","remoteAddress":"127.0.0.1"},"msg":"incoming request"}
# Subtest: UPS-API-001 ui-prototyping-studio POST /sessions maps InitializeSession request fields
ok 16 - UPS-API-001 ui-prototyping-studio POST /sessions maps InitializeSession request fields
  ---
  duration_ms: 34.072097
  ...
# {"level":30,"time":1778206549332,"pid":1579968,"hostname":"vlad","reqId":"req-1","req":{"method":"POST","url":"/api/ui-prototyping-studio/sessions","host":"localhost:80","remoteAddress":"127.0.0.1"},"msg":"incoming request"}
# {"level":30,"time":1778206549269,"pid":1579968,"hostname":"vlad","reqId":"req-1","res":{"statusCode":200},"responseTime":9.616570979356766,"msg":"request completed"}
# {"level":30,"time":1778206549309,"pid":1579968,"hostname":"vlad","reqId":"req-1","res":{"statusCode":201},"responseTime":9.001852989196777,"msg":"request completed"}
# {"level":30,"time":1778206549345,"pid":1579968,"hostname":"vlad","reqId":"req-1","res":{"statusCode":201},"responseTime":12.156230002641678,"msg":"request completed"}
# {"level":30,"time":1778206549347,"pid":1579968,"hostname":"vlad","reqId":"req-2","req":{"method":"POST","url":"/api/ui-prototyping-studio/sessions/ups-session-0001/prompt","host":"localhost:80","remoteAddress":"127.0.0.1"},"msg":"incoming request"}
# {"level":30,"time":1778206549349,"pid":1579968,"hostname":"vlad","reqId":"req-2","res":{"statusCode":200},"responseTime":2.2481449842453003,"msg":"request completed"}
# {"level":30,"time":1778206549350,"pid":1579968,"hostname":"vlad","reqId":"req-3","req":{"method":"POST","url":"/api/ui-prototyping-studio/sessions/ups-session-0001/variants/generate","host":"localhost:80","remoteAddress":"127.0.0.1"},"msg":"incoming request"}
# Subtest: UPS-API-002 ui-prototyping-studio POST /sessions/:sessionId/variants/generate exposes GenerateVariants
ok 17 - UPS-API-002 ui-prototyping-studio POST /sessions/:sessionId/variants/generate exposes GenerateVariants
  ---
  duration_ms: 44.767212
  ...
# {"level":30,"time":1778206549379,"pid":1579968,"hostname":"vlad","reqId":"req-1","req":{"method":"POST","url":"/api/ui-prototyping-studio/sessions","host":"localhost:80","remoteAddress":"127.0.0.1"},"msg":"incoming request"}
# {"level":30,"time":1778206549354,"pid":1579968,"hostname":"vlad","reqId":"req-3","res":{"statusCode":200},"responseTime":3.352274000644684,"msg":"request completed"}
# {"level":30,"time":1778206549382,"pid":1579968,"hostname":"vlad","reqId":"req-1","res":{"statusCode":201},"responseTime":2.299303025007248,"msg":"request completed"}
# {"level":30,"time":1778206549383,"pid":1579968,"hostname":"vlad","reqId":"req-2","req":{"method":"POST","url":"/api/ui-prototyping-studio/sessions/ups-session-0001/prompt","host":"localhost:80","remoteAddress":"127.0.0.1"},"msg":"incoming request"}
# {"level":30,"time":1778206549385,"pid":1579968,"hostname":"vlad","reqId":"req-2","res":{"statusCode":200},"responseTime":1.7284660041332245,"msg":"request completed"}
# {"level":30,"time":1778206549385,"pid":1579968,"hostname":"vlad","reqId":"req-3","req":{"method":"POST","url":"/api/ui-prototyping-studio/sessions/ups-session-0001/variants/generate","host":"localhost:80","remoteAddress":"127.0.0.1"},"msg":"incoming request"}
# {"level":30,"time":1778206549389,"pid":1579968,"hostname":"vlad","reqId":"req-3","res":{"statusCode":200},"responseTime":3.5094819962978363,"msg":"request completed"}
# {"level":30,"time":1778206549391,"pid":1579968,"hostname":"vlad","reqId":"req-4","req":{"method":"POST","url":"/api/ui-prototyping-studio/sessions/ups-session-0001/baseline","host":"localhost:80","remoteAddress":"127.0.0.1"},"msg":"incoming request"}
# {"level":30,"time":1778206549396,"pid":1579968,"hostname":"vlad","reqId":"req-4","res":{"statusCode":409},"responseTime":4.631409019231796,"msg":"request completed"}
# {"level":30,"time":1778206549397,"pid":1579968,"hostname":"vlad","reqId":"req-5","req":{"method":"POST","url":"/api/ui-prototyping-studio/sessions/ups-session-0001/baseline","host":"localhost:80","remoteAddress":"127.0.0.1"},"msg":"incoming request"}
# Subtest: UPS-API-003 ui-prototyping-studio POST /sessions/:sessionId/baseline exposes SelectOrCommitBaseline
ok 18 - UPS-API-003 ui-prototyping-studio POST /sessions/:sessionId/baseline exposes SelectOrCommitBaseline
  ---
  duration_ms: 50.766204
  ...
# {"level":30,"time":1778206549476,"pid":1579968,"hostname":"vlad","reqId":"req-1","req":{"method":"POST","url":"/api/knowledge-graph/rebuild","host":"localhost:80","remoteAddress":"127.0.0.1"},"msg":"incoming request"}
# {"level":30,"time":1778206549401,"pid":1579968,"hostname":"vlad","reqId":"req-5","res":{"statusCode":200},"responseTime":3.534821003675461,"msg":"request completed"}
# {"level":30,"time":1778206549403,"pid":1579968,"hostname":"vlad","reqId":"req-6","req":{"method":"GET","url":"/api/ui-prototyping-studio/sessions/ups-session-0001","host":"localhost:80","remoteAddress":"127.0.0.1"},"msg":"incoming request"}
# {"level":30,"time":1778206549405,"pid":1579968,"hostname":"vlad","reqId":"req-6","res":{"statusCode":200},"responseTime":1.7181620001792908,"msg":"request completed"}
# {"level":30,"time":1778206549480,"pid":1579968,"hostname":"vlad","reqId":"req-1","res":{"statusCode":401},"responseTime":3.855761021375656,"msg":"request completed"}
# {"level":30,"time":1778206549481,"pid":1579968,"hostname":"vlad","reqId":"req-2","req":{"method":"POST","url":"/api/knowledge-graph/rebuild","host":"localhost:80","remoteAddress":"127.0.0.1"},"msg":"incoming request"}
# Subtest: KG-BE-API-014 KG-BE-API-015 rebuild requires write scope and returns deterministic 401/403 diagnostics
ok 19 - KG-BE-API-014 KG-BE-API-015 rebuild requires write scope and returns deterministic 401/403 diagnostics
  ---
  duration_ms: 94.622903
  ...
# {"level":30,"time":1778206549551,"pid":1579968,"hostname":"vlad","reqId":"req-1","req":{"method":"POST","url":"/api/knowledge-graph/rebuild","host":"localhost:80","remoteAddress":"127.0.0.1"},"msg":"incoming request"}
# {"level":30,"time":1778206549484,"pid":1579968,"hostname":"vlad","reqId":"req-2","res":{"statusCode":403},"responseTime":2.6295579969882965,"msg":"request completed"}
# {"level":30,"time":1778206549607,"pid":1579968,"hostname":"vlad","reqId":"req-1","res":{"statusCode":200},"responseTime":55.76095598936081,"msg":"request completed"}
# Subtest: KG-BE-API-016 KG-BE-QRY-001 rebuild persists projection and read endpoints return latest snapshot
ok 20 - KG-BE-API-016 KG-BE-QRY-001 rebuild persists projection and read endpoints return latest snapshot
  ---
  duration_ms: 140.719909
  ...
# {"level":30,"time":1778206549694,"pid":1579968,"hostname":"vlad","reqId":"req-1","req":{"method":"POST","url":"/api/knowledge-graph/rebuild","host":"localhost:80","remoteAddress":"127.0.0.1"},"msg":"incoming request"}
# {"level":30,"time":1778206549609,"pid":1579968,"hostname":"vlad","reqId":"req-2","req":{"method":"GET","url":"/api/knowledge-graph/mirror-cards?featureId=knowledge-graph-visualization","host":"localhost:80","remoteAddress":"127.0.0.1"},"msg":"incoming request"}
# {"level":30,"time":1778206549619,"pid":1579968,"hostname":"vlad","reqId":"req-2","res":{"statusCode":200},"responseTime":10.408096015453339,"msg":"request completed"}
# {"level":30,"time":1778206549620,"pid":1579968,"hostname":"vlad","reqId":"req-3","req":{"method":"GET","url":"/api/knowledge-graph/graph?featureId=knowledge-graph-visualization","host":"localhost:80","remoteAddress":"127.0.0.1"},"msg":"incoming request"}
# {"level":30,"time":1778206549628,"pid":1579968,"hostname":"vlad","reqId":"req-3","res":{"statusCode":200},"responseTime":7.0881650149822235,"msg":"request completed"}
# {"level":30,"time":1778206549708,"pid":1579968,"hostname":"vlad","reqId":"req-1","res":{"statusCode":200},"responseTime":13.407175987958908,"msg":"request completed"}
# {"level":30,"time":1778206549709,"pid":1579968,"hostname":"vlad","reqId":"req-2","req":{"method":"GET","url":"/api/knowledge-graph/graph?featureId=knowledge-graph-visualization&viewLevel=concept&activeAspect=SPEC","host":"localhost:80","remoteAddress":"127.0.0.1"},"msg":"incoming request"}
# {"level":30,"time":1778206549713,"pid":1579968,"hostname":"vlad","reqId":"req-2","res":{"statusCode":200},"responseTime":3.8324680030345917,"msg":"request completed"}
# {"level":30,"time":1778206549714,"pid":1579968,"hostname":"vlad","reqId":"req-3","req":{"method":"GET","url":"/api/knowledge-graph/concepts/consumer.knowledge-graph-visualization.documentation-reviewers?featureId=knowledge-graph-visualization","host":"localhost:80","remoteAddress":"127.0.0.1"},"msg":"incoming request"}
# {"level":30,"time":1778206549715,"pid":1579968,"hostname":"vlad","reqId":"req-3","res":{"statusCode":401},"responseTime":1.0850789844989777,"msg":"request completed"}
# {"level":30,"time":1778206549716,"pid":1579968,"hostname":"vlad","reqId":"req-4","req":{"method":"GET","url":"/api/knowledge-graph/concepts/consumer.knowledge-graph-visualization.documentation-reviewers?featureId=knowledge-graph-visualization&sessionId=session-stage2&source=graph","host":"localhost:80","remoteAddress":"127.0.0.1"},"msg":"incoming request"}
# {"level":30,"time":1778206549723,"pid":1579968,"hostname":"vlad","reqId":"req-4","res":{"statusCode":200},"responseTime":7.018316984176636,"msg":"request completed"}
# {"level":30,"time":1778206549723,"pid":1579968,"hostname":"vlad","reqId":"req-5","req":{"method":"GET","url":"/api/knowledge-graph/concepts/consumer.knowledge-graph-visualization.documentation-reviewers/definition?featureId=knowledge-graph-visualization","host":"localhost:80","remoteAddress":"127.0.0.1"},"msg":"incoming request"}
# {"level":30,"time":1778206549726,"pid":1579968,"hostname":"vlad","reqId":"req-5","res":{"statusCode":200},"responseTime":2.5809750258922577,"msg":"request completed"}
# {"level":30,"time":1778206549727,"pid":1579968,"hostname":"vlad","reqId":"req-6","req":{"method":"POST","url":"/api/knowledge-graph/concepts/consumer.knowledge-graph-visualization.documentation-reviewers/open-definition?featureId=knowledge-graph-visualization","host":"localhost:80","remoteAddress":"127.0.0.1"},"msg":"incoming request"}
# Subtest: concept detail, definition, and open-definition endpoints satisfy stage-2 contract
ok 21 - concept detail, definition, and open-definition endpoints satisfy stage-2 contract
  ---
  duration_ms: 107.282752
  ...
# {"level":30,"time":1778206549795,"pid":1579968,"hostname":"vlad","reqId":"req-1","req":{"method":"POST","url":"/api/knowledge-graph/rebuild","host":"localhost:80","remoteAddress":"127.0.0.1"},"msg":"incoming request"}
# {"level":30,"time":1778206549736,"pid":1579968,"hostname":"vlad","reqId":"req-6","res":{"statusCode":200},"responseTime":9.742151975631714,"msg":"request completed"}
# {"level":30,"time":1778206549807,"pid":1579968,"hostname":"vlad","reqId":"req-1","res":{"statusCode":200},"responseTime":11.45067498087883,"msg":"request completed"}
# {"level":30,"time":1778206549808,"pid":1579968,"hostname":"vlad","reqId":"req-2","req":{"method":"GET","url":"/api/knowledge-graph/graph?featureId=knowledge-graph-visualization&viewLevel=concept&activeAspect=SPEC","host":"localhost:80","remoteAddress":"127.0.0.1"},"msg":"incoming request"}
# {"level":30,"time":1778206549814,"pid":1579968,"hostname":"vlad","reqId":"req-2","res":{"statusCode":200},"responseTime":5.761456996202469,"msg":"request completed"}
# {"level":30,"time":1778206549815,"pid":1579968,"hostname":"vlad","reqId":"req-3","req":{"method":"GET","url":"/api/knowledge-graph/concepts/consumer.knowledge-graph-visualization.documentation-reviewers?featureId=knowledge-graph-visualization&sessionId=session-mismatch&source=graph","host":"localhost:80","remoteAddress":"127.0.0.1"},"msg":"incoming request"}
# {"level":30,"time":1778206549821,"pid":1579968,"hostname":"vlad","reqId":"req-3","res":{"statusCode":200},"responseTime":6.333889007568359,"msg":"request completed"}
# {"level":30,"time":1778206549822,"pid":1579968,"hostname":"vlad","reqId":"req-4","req":{"method":"POST","url":"/api/knowledge-graph/concepts/consumer.knowledge-graph-visualization.domainspec-maintainers/open-definition?featureId=knowledge-graph-visualization","host":"localhost:80","remoteAddress":"127.0.0.1"},"msg":"incoming request"}
# Subtest: open-definition returns deterministic mismatch diagnostics
ok 22 - open-definition returns deterministic mismatch diagnostics
  ---
  duration_ms: 87.608558
  ...
# {"level":30,"time":1778206549883,"pid":1579968,"hostname":"vlad","reqId":"req-1","req":{"method":"POST","url":"/api/knowledge-graph/rebuild","host":"localhost:80","remoteAddress":"127.0.0.1"},"msg":"incoming request"}
# {"level":30,"time":1778206549824,"pid":1579968,"hostname":"vlad","reqId":"req-4","res":{"statusCode":409},"responseTime":1.7011969983577728,"msg":"request completed"}
# {"level":30,"time":1778206549885,"pid":1579968,"hostname":"vlad","reqId":"req-1","res":{"statusCode":404},"responseTime":2.01282200217247,"msg":"request completed"}
# Subtest: rebuild rejects unknown project with deterministic code
ok 23 - rebuild rejects unknown project with deterministic code
  ---
  duration_ms: 60.906321
  ...
# {"level":30,"time":1778206549943,"pid":1579968,"hostname":"vlad","reqId":"req-1","req":{"method":"POST","url":"/api/knowledge-graph/rebuild","host":"localhost:80","remoteAddress":"127.0.0.1"},"msg":"incoming request"}
# {"level":30,"time":1778206549952,"pid":1579968,"hostname":"vlad","reqId":"req-1","res":{"statusCode":200},"responseTime":8.661529004573822,"msg":"request completed"}
# Subtest: KG-BE-API-001 KG-BE-IFMAP-001 KG-BE-IFMAP-002 mirror-cards maps feature and aspect filters deterministically
ok 24 - KG-BE-API-001 KG-BE-IFMAP-001 KG-BE-IFMAP-002 mirror-cards maps feature and aspect filters deterministically
  ---
  duration_ms: 70.441175
  ...
# {"level":30,"time":1778206550012,"pid":1579968,"hostname":"vlad","reqId":"req-1","req":{"method":"POST","url":"/api/knowledge-graph/rebuild","host":"localhost:80","remoteAddress":"127.0.0.1"},"msg":"incoming request"}
# {"level":30,"time":1778206549953,"pid":1579968,"hostname":"vlad","reqId":"req-2","req":{"method":"GET","url":"/api/knowledge-graph/mirror-cards?featureId=knowledge-graph-visualization&includeOptionalAspects=false&aspectKinds=SPEC,OPERATIONS","host":"localhost:80","remoteAddress":"127.0.0.1"},"msg":"incoming request"}
# {"level":30,"time":1778206549956,"pid":1579968,"hostname":"vlad","reqId":"req-2","res":{"statusCode":200},"responseTime":2.90557798743248,"msg":"request completed"}
# {"level":30,"time":1778206550021,"pid":1579968,"hostname":"vlad","reqId":"req-1","res":{"statusCode":200},"responseTime":9.381247997283936,"msg":"request completed"}
# Subtest: KG-BE-API-004 KG-BE-IFMAP-004 graph applies edgeKinds filter
ok 25 - KG-BE-API-004 KG-BE-IFMAP-004 graph applies edgeKinds filter
  ---
  duration_ms: 75.163743
  ...
# {"level":30,"time":1778206550098,"pid":1579968,"hostname":"vlad","reqId":"req-1","req":{"method":"GET","url":"/api/knowledge-graph/mirror-cards?projectKey=disabled-project&featureId=knowledge-graph-visualization","host":"localhost:80","remoteAddress":"127.0.0.1"},"msg":"incoming request"}
# Subtest: cross-project scope guards reject disabled project keys and unavailable features
ok 26 - cross-project scope guards reject disabled project keys and unavailable features
  ---
  duration_ms: 72.512248
  ...
# {"level":30,"time":1778206550177,"pid":1579968,"hostname":"vlad","reqId":"req-1","req":{"method":"POST","url":"/api/knowledge-graph/rebuild","host":"localhost:80","remoteAddress":"127.0.0.1"},"msg":"incoming request"}
# {"level":30,"time":1778206550023,"pid":1579968,"hostname":"vlad","reqId":"req-2","req":{"method":"GET","url":"/api/knowledge-graph/graph?featureId=knowledge-graph-visualization&viewLevel=aspect&activeAspect=SPEC","host":"localhost:80","remoteAddress":"127.0.0.1"},"msg":"incoming request"}
# {"level":30,"time":1778206550026,"pid":1579968,"hostname":"vlad","reqId":"req-2","res":{"statusCode":200},"responseTime":3.2545509934425354,"msg":"request completed"}
# {"level":30,"time":1778206550027,"pid":1579968,"hostname":"vlad","reqId":"req-3","req":{"method":"GET","url":"/api/knowledge-graph/graph?featureId=knowledge-graph-visualization&viewLevel=aspect&activeAspect=SPEC&edgeKinds=queries","host":"localhost:80","remoteAddress":"127.0.0.1"},"msg":"incoming request"}
# {"level":30,"time":1778206550030,"pid":1579968,"hostname":"vlad","reqId":"req-3","res":{"statusCode":200},"responseTime":3.6139160096645355,"msg":"request completed"}
# {"level":30,"time":1778206550099,"pid":1579968,"hostname":"vlad","reqId":"req-1","res":{"statusCode":404},"responseTime":1.0275239944458008,"msg":"request completed"}
# {"level":30,"time":1778206550100,"pid":1579968,"hostname":"vlad","reqId":"req-2","req":{"method":"GET","url":"/api/knowledge-graph/graph?projectKey=domainspec-core&featureId=missing-feature&viewLevel=aspect&activeAspect=SPEC","host":"localhost:80","remoteAddress":"127.0.0.1"},"msg":"incoming request"}
# {"level":30,"time":1778206550102,"pid":1579968,"hostname":"vlad","reqId":"req-2","res":{"statusCode":404},"responseTime":1.4009740054607391,"msg":"request completed"}
# {"level":30,"time":1778206550190,"pid":1579968,"hostname":"vlad","reqId":"req-1","res":{"statusCode":200},"responseTime":12.385324001312256,"msg":"request completed"}
# Subtest: cross-project scope guards isolate snapshots per (projectKey, featureId)
ok 27 - cross-project scope guards isolate snapshots per (projectKey, featureId)
  ---
  duration_ms: 92.441501
  ...
# {"level":30,"time":1778206550251,"pid":1579968,"hostname":"vlad","reqId":"req-1","req":{"method":"POST","url":"/api/knowledge-graph/rebuild","host":"localhost:80","remoteAddress":"127.0.0.1"},"msg":"incoming request"}
# {"level":30,"time":1778206550191,"pid":1579968,"hostname":"vlad","reqId":"req-2","req":{"method":"GET","url":"/api/knowledge-graph/mirror-cards?projectKey=alt-project&featureId=knowledge-graph-visualization","host":"localhost:80","remoteAddress":"127.0.0.1"},"msg":"incoming request"}
# {"level":30,"time":1778206550194,"pid":1579968,"hostname":"vlad","reqId":"req-2","res":{"statusCode":200},"responseTime":2.8058559894561768,"msg":"request completed"}
# {"level":30,"time":1778206550195,"pid":1579968,"hostname":"vlad","reqId":"req-3","req":{"method":"GET","url":"/api/knowledge-graph/mirror-cards?projectKey=domainspec-core&featureId=knowledge-graph-visualization","host":"localhost:80","remoteAddress":"127.0.0.1"},"msg":"incoming request"}
# {"level":30,"time":1778206550196,"pid":1579968,"hostname":"vlad","reqId":"req-3","res":{"statusCode":404},"responseTime":1.469607025384903,"msg":"request completed"}
# {"level":30,"time":1778206550260,"pid":1579968,"hostname":"vlad","reqId":"req-1","res":{"statusCode":200},"responseTime":8.920987010002136,"msg":"request completed"}
# Subtest: graph query maps board-level fields and validates selected group card
ok 28 - graph query maps board-level fields and validates selected group card
  ---
  duration_ms: 81.496164
  ...
# {"level":30,"time":1778206550331,"pid":1579968,"hostname":"vlad","reqId":"req-1","req":{"method":"POST","url":"/api/knowledge-graph/rebuild","host":"localhost:80","remoteAddress":"127.0.0.1"},"msg":"incoming request"}
# {"level":30,"time":1778206550261,"pid":1579968,"hostname":"vlad","reqId":"req-2","req":{"method":"GET","url":"/api/knowledge-graph/graph?featureId=knowledge-graph-visualization&viewLevel=concept&activeAspect=SPEC","host":"localhost:80","remoteAddress":"127.0.0.1"},"msg":"incoming request"}
# {"level":30,"time":1778206550264,"pid":1579968,"hostname":"vlad","reqId":"req-2","res":{"statusCode":200},"responseTime":3.0327939987182617,"msg":"request completed"}
# {"level":30,"time":1778206550265,"pid":1579968,"hostname":"vlad","reqId":"req-3","req":{"method":"GET","url":"/api/knowledge-graph/graph?featureId=knowledge-graph-visualization&viewLevel=concept&activeAspect=SPEC&selectedGroupKey=SPEC.md&cardTypes=concept","host":"localhost:80","remoteAddress":"127.0.0.1"},"msg":"incoming request"}
# {"level":30,"time":1778206550271,"pid":1579968,"hostname":"vlad","reqId":"req-3","res":{"statusCode":200},"responseTime":6.343883991241455,"msg":"request completed"}
# {"level":30,"time":1778206550272,"pid":1579968,"hostname":"vlad","reqId":"req-4","req":{"method":"GET","url":"/api/knowledge-graph/graph?featureId=knowledge-graph-visualization&viewLevel=concept&activeAspect=SPEC&selectedGroupKey=missing-group","host":"localhost:80","remoteAddress":"127.0.0.1"},"msg":"incoming request"}
# {"level":30,"time":1778206550275,"pid":1579968,"hostname":"vlad","reqId":"req-4","res":{"statusCode":404},"responseTime":2.58788001537323,"msg":"request completed"}
# {"level":30,"time":1778206550341,"pid":1579968,"hostname":"vlad","reqId":"req-1","res":{"statusCode":200},"responseTime":9.835642993450165,"msg":"request completed"}
# Subtest: concept detail selection enforces whiteboard card validation diagnostics
ok 29 - concept detail selection enforces whiteboard card validation diagnostics
  ---
  duration_ms: 76.127625
  ...
# {"level":30,"time":1778206550409,"pid":1579968,"hostname":"vlad","reqId":"req-1","req":{"method":"POST","url":"/api/knowledge-graph/rebuild","host":"localhost:80","remoteAddress":"127.0.0.1"},"msg":"incoming request"}
# {"level":30,"time":1778206550342,"pid":1579968,"hostname":"vlad","reqId":"req-2","req":{"method":"GET","url":"/api/knowledge-graph/graph?featureId=knowledge-graph-visualization&viewLevel=concept&activeAspect=SPEC","host":"localhost:80","remoteAddress":"127.0.0.1"},"msg":"incoming request"}
# {"level":30,"time":1778206550345,"pid":1579968,"hostname":"vlad","reqId":"req-2","res":{"statusCode":200},"responseTime":3.184271991252899,"msg":"request completed"}
# {"level":30,"time":1778206550347,"pid":1579968,"hostname":"vlad","reqId":"req-3","req":{"method":"GET","url":"/api/knowledge-graph/concepts/consumer.knowledge-graph-visualization.documentation-reviewers?featureId=knowledge-graph-visualization&sessionId=session-card-validation&source=board&viewLevel=concept&activeAspect=SPEC&selectedCardType=concept&selectedCardId=concept%3Amissing.concept","host":"localhost:80","remoteAddress":"127.0.0.1"},"msg":"incoming request"}
# {"level":30,"time":1778206550351,"pid":1579968,"hostname":"vlad","reqId":"req-3","res":{"statusCode":404},"responseTime":3.765304982662201,"msg":"request completed"}
# {"level":30,"time":1778206550352,"pid":1579968,"hostname":"vlad","reqId":"req-4","req":{"method":"GET","url":"/api/knowledge-graph/concepts/consumer.knowledge-graph-visualization.documentation-reviewers?featureId=knowledge-graph-visualization&sessionId=session-card-validation&source=board&viewLevel=concept&activeAspect=SPEC&selectedCardType=concept&selectedCardId=concept%3Aconsumer.knowledge-graph-visualization.domainspec-maintainers","host":"localhost:80","remoteAddress":"127.0.0.1"},"msg":"incoming request"}
# {"level":30,"time":1778206550355,"pid":1579968,"hostname":"vlad","reqId":"req-4","res":{"statusCode":422},"responseTime":3.1188820004463196,"msg":"request completed"}
# {"level":30,"time":1778206550421,"pid":1579968,"hostname":"vlad","reqId":"req-1","res":{"statusCode":200},"responseTime":12.022689998149872,"msg":"request completed"}
# {"level":30,"time":1778206550422,"pid":1579968,"hostname":"vlad","reqId":"req-2","req":{"method":"GET","url":"/api/knowledge-graph/graph?projectKey=domainspec-core&featureId=knowledge-graph-visualization&viewLevel=concept&activeAspect=SPEC","host":"localhost:80","remoteAddress":"127.0.0.1"},"msg":"incoming request"}
# {"level":30,"time":1778206550425,"pid":1579968,"hostname":"vlad","reqId":"req-2","res":{"statusCode":200},"responseTime":3.2822110056877136,"msg":"request completed"}
# {"level":30,"time":1778206550426,"pid":1579968,"hostname":"vlad","reqId":"req-3","req":{"method":"GET","url":"/api/knowledge-graph/concepts/consumer.knowledge-graph-visualization.documentation-reviewers?projectKey=domainspec-core&featureId=knowledge-graph-visualization&sessionId=session-scope-mismatch&source=board&viewLevel=concept&activeAspect=SPEC","host":"localhost:80","remoteAddress":"127.0.0.1"},"msg":"incoming request"}
# {"level":30,"time":1778206550432,"pid":1579968,"hostname":"vlad","reqId":"req-3","res":{"statusCode":200},"responseTime":6.082273989915848,"msg":"request completed"}
# {"level":30,"time":1778206550433,"pid":1579968,"hostname":"vlad","reqId":"req-4","req":{"method":"GET","url":"/api/knowledge-graph/concepts/consumer.knowledge-graph-visualization.documentation-reviewers?projectKey=alt-project&featureId=knowledge-graph-visualization&sessionId=session-scope-mismatch&source=board&viewLevel=concept&activeAspect=SPEC","host":"localhost:80","remoteAddress":"127.0.0.1"},"msg":"incoming request"}
# {"level":30,"time":1778206550434,"pid":1579968,"hostname":"vlad","reqId":"req-4","res":{"statusCode":409},"responseTime":0.8866339921951294,"msg":"request completed"}
# {"level":30,"time":1778206550435,"pid":1579968,"hostname":"vlad","reqId":"req-5","req":{"method":"POST","url":"/api/knowledge-graph/concepts/consumer.knowledge-graph-visualization.documentation-reviewers/open-definition?projectKey=alt-project&featureId=knowledge-graph-visualization","host":"localhost:80","remoteAddress":"127.0.0.1"},"msg":"incoming request"}
# Subtest: concept and definition operations return scope mismatch diagnostics for reused session IDs
ok 30 - concept and definition operations return scope mismatch diagnostics for reused session IDs
  ---
  duration_ms: 108.46341
  ...
# {"level":30,"time":1778206550534,"pid":1579968,"hostname":"vlad","reqId":"req-1","req":{"method":"POST","url":"/api/knowledge-graph/rebuild","host":"localhost:80","remoteAddress":"127.0.0.1"},"msg":"incoming request"}
# {"level":30,"time":1778206550439,"pid":1579968,"hostname":"vlad","reqId":"req-5","res":{"statusCode":409},"responseTime":4.07616600394249,"msg":"request completed"}
# {"level":30,"time":1778206550537,"pid":1579968,"hostname":"vlad","reqId":"req-1","res":{"statusCode":422},"responseTime":2.4683829843997955,"msg":"request completed"}
# Subtest: rebuild rejects invalid feature path escapes before file reads
ok 31 - rebuild rejects invalid feature path escapes before file reads
  ---
  duration_ms: 72.2031
  ...
1..31
# tests 31
# suites 0
# pass 31
# fail 0
# cancelled 0
# skipped 0
# todo 0
# duration_ms 3441.5439
=== EXIT_CODE: 0

=== COMMAND: pnpm --filter @domainspec/web test:e2e -- --grep "UPS-UI-001|UPS-UI-002|UPS-UI-003|UPS-UI-004|UPS-UI-005|ui-prototyping-studio"

> @domainspec/web@0.1.0 test:e2e /home/vrondelli/projects/domainspec-core/implementation/domainspec/apps/web
> playwright test "--" "--grep" "UPS-UI-001|UPS-UI-002|UPS-UI-003|UPS-UI-004|UPS-UI-005|ui-prototyping-studio"


Running 5 tests using 1 worker

  ✓  1 [chromium] › e2e/ui-prototyping-studio/ui-prototyping-studio.wp01.spec.ts:10:3 › ui-prototyping-studio WP-01 › UPS-UI-001 ui-prototyping-studio route exposes authenticated workbench shell (1.2s)
  ✓  2 [chromium] › e2e/ui-prototyping-studio/ui-prototyping-studio.wp01.spec.ts:24:3 › ui-prototyping-studio WP-01 › UPS-UI-002 ui-prototyping-studio renders required workbench panels (1.0s)
  ✓  3 [chromium] › e2e/ui-prototyping-studio/ui-prototyping-studio.wp01.spec.ts:46:3 › ui-prototyping-studio WP-01 › UPS-UI-003 ui-prototyping-studio form contracts enforce variantCount bounds selector (638ms)
  ✓  4 [chromium] › e2e/ui-prototyping-studio/ui-prototyping-studio.wp01.spec.ts:55:3 › ui-prototyping-studio WP-01 › UPS-UI-004 ui-prototyping-studio multi-variant flow locks annotation until explicit baseline selection (1.3s)
  ✓  5 [chromium] › e2e/ui-prototyping-studio/ui-prototyping-studio.wp01.spec.ts:84:3 › ui-prototyping-studio WP-01 › UPS-UI-005 ui-prototyping-studio single-variant flow shows committed baseline path (1.1s)

  5 passed (8.2s)
=== EXIT_CODE: 0
=== STAGE_COMMAND_EXIT_CODE: 0 ===
=== END_UTC: 2026-05-08T02:16:03Z ===
