=== STAGE_RUN_ID: uips-task01-alignment-20260508T021240Z ===
=== COVERAGE_CAPTURE_UTC: 2026-05-08T02:16:29Z ===

Expected IDs: 48
Covered IDs: 19
Uncovered IDs: 48
Orphan IDs: 19

--- Expected IDs ---
UPS-API-001
UPS-API-002
UPS-API-003
UPS-API-004
UPS-API-005
UPS-API-006
UPS-API-007
UPS-API-008
UPS-API-009
UPS-API-010
UPS-CON-001
UPS-CON-002
UPS-CON-003
UPS-CON-004
UPS-CON-005
UPS-CON-006
UPS-CON-007
UPS-CON-008
UPS-CON-009
UPS-CON-010
UPS-CON-011
UPS-OP-001
UPS-OP-002
UPS-OP-003
UPS-OP-004
UPS-OP-005
UPS-OP-006
UPS-OP-007
UPS-OP-008
UPS-OP-009
UPS-OP-010
UPS-ST-001
UPS-ST-002
UPS-ST-003
UPS-ST-004
UPS-ST-005
UPS-ST-006
UPS-ST-007
UPS-ST-008
UPS-ST-009
UPS-UI-001
UPS-UI-002
UPS-UI-003
UPS-UI-004
UPS-UI-005
UPS-UI-006
UPS-UI-007
UPS-UI-008

--- Covered IDs ---
apps/web/e2e/ui-prototyping-studio/ui-prototyping-studio.wp01.spec.ts:UPS-UI-001
apps/web/e2e/ui-prototyping-studio/ui-prototyping-studio.wp01.spec.ts:UPS-UI-002
apps/web/e2e/ui-prototyping-studio/ui-prototyping-studio.wp01.spec.ts:UPS-UI-003
apps/web/e2e/ui-prototyping-studio/ui-prototyping-studio.wp01.spec.ts:UPS-UI-004
apps/web/e2e/ui-prototyping-studio/ui-prototyping-studio.wp01.spec.ts:UPS-UI-005
backend/src/modules/ui-prototyping-studio/application/ui-prototyping-studio.slice.test.ts:UPS-CON-001
backend/src/modules/ui-prototyping-studio/application/ui-prototyping-studio.slice.test.ts:UPS-CON-002
backend/src/modules/ui-prototyping-studio/application/ui-prototyping-studio.slice.test.ts:UPS-CON-003
backend/src/modules/ui-prototyping-studio/application/ui-prototyping-studio.slice.test.ts:UPS-OP-001
backend/src/modules/ui-prototyping-studio/application/ui-prototyping-studio.slice.test.ts:UPS-OP-002
backend/src/modules/ui-prototyping-studio/application/ui-prototyping-studio.slice.test.ts:UPS-OP-003
backend/src/modules/ui-prototyping-studio/application/ui-prototyping-studio.slice.test.ts:UPS-OP-004
backend/src/modules/ui-prototyping-studio/application/ui-prototyping-studio.slice.test.ts:UPS-ST-001
backend/src/modules/ui-prototyping-studio/application/ui-prototyping-studio.slice.test.ts:UPS-ST-002
backend/src/modules/ui-prototyping-studio/application/ui-prototyping-studio.slice.test.ts:UPS-ST-003
backend/src/modules/ui-prototyping-studio/application/ui-prototyping-studio.slice.test.ts:UPS-ST-004
backend/src/server.test.ts:UPS-API-001
backend/src/server.test.ts:UPS-API-002
backend/src/server.test.ts:UPS-API-003

--- Uncovered IDs ---
UPS-API-001
UPS-API-002
UPS-API-003
UPS-API-004
UPS-API-005
UPS-API-006
UPS-API-007
UPS-API-008
UPS-API-009
UPS-API-010
UPS-CON-001
UPS-CON-002
UPS-CON-003
UPS-CON-004
UPS-CON-005
UPS-CON-006
UPS-CON-007
UPS-CON-008
UPS-CON-009
UPS-CON-010
UPS-CON-011
UPS-OP-001
UPS-OP-002
UPS-OP-003
UPS-OP-004
UPS-OP-005
UPS-OP-006
UPS-OP-007
UPS-OP-008
UPS-OP-009
UPS-OP-010
UPS-ST-001
UPS-ST-002
UPS-ST-003
UPS-ST-004
UPS-ST-005
UPS-ST-006
UPS-ST-007
UPS-ST-008
UPS-ST-009
UPS-UI-001
UPS-UI-002
UPS-UI-003
UPS-UI-004
UPS-UI-005
UPS-UI-006
UPS-UI-007
UPS-UI-008

--- Orphan IDs ---
apps/web/e2e/ui-prototyping-studio/ui-prototyping-studio.wp01.spec.ts:UPS-UI-001
apps/web/e2e/ui-prototyping-studio/ui-prototyping-studio.wp01.spec.ts:UPS-UI-002
apps/web/e2e/ui-prototyping-studio/ui-prototyping-studio.wp01.spec.ts:UPS-UI-003
apps/web/e2e/ui-prototyping-studio/ui-prototyping-studio.wp01.spec.ts:UPS-UI-004
apps/web/e2e/ui-prototyping-studio/ui-prototyping-studio.wp01.spec.ts:UPS-UI-005
backend/src/modules/ui-prototyping-studio/application/ui-prototyping-studio.slice.test.ts:UPS-CON-001
backend/src/modules/ui-prototyping-studio/application/ui-prototyping-studio.slice.test.ts:UPS-CON-002
backend/src/modules/ui-prototyping-studio/application/ui-prototyping-studio.slice.test.ts:UPS-CON-003
backend/src/modules/ui-prototyping-studio/application/ui-prototyping-studio.slice.test.ts:UPS-OP-001
backend/src/modules/ui-prototyping-studio/application/ui-prototyping-studio.slice.test.ts:UPS-OP-002
backend/src/modules/ui-prototyping-studio/application/ui-prototyping-studio.slice.test.ts:UPS-OP-003
backend/src/modules/ui-prototyping-studio/application/ui-prototyping-studio.slice.test.ts:UPS-OP-004
backend/src/modules/ui-prototyping-studio/application/ui-prototyping-studio.slice.test.ts:UPS-ST-001
backend/src/modules/ui-prototyping-studio/application/ui-prototyping-studio.slice.test.ts:UPS-ST-002
backend/src/modules/ui-prototyping-studio/application/ui-prototyping-studio.slice.test.ts:UPS-ST-003
backend/src/modules/ui-prototyping-studio/application/ui-prototyping-studio.slice.test.ts:UPS-ST-004
backend/src/server.test.ts:UPS-API-001
backend/src/server.test.ts:UPS-API-002
backend/src/server.test.ts:UPS-API-003
