$ pnpm --filter @domainspec/backend check

> @domainspec/backend@0.1.0 check /home/vrondelli/projects/domainspec-core/implementation/domainspec/backend
> tsc -p tsconfig.json --noEmit

[terminal_guard] exit=0 durationMs=10856 lines=4 bytes=143

$ pnpm --filter @domainspec/web check

> @domainspec/web@0.1.0 check /home/vrondelli/projects/domainspec-core/implementation/domainspec/apps/web
> tsc --noEmit

[terminal_guard] exit=0 durationMs=7443 lines=4 bytes=123

$ pnpm --filter @domainspec/backend test -- --test-name-pattern "UPS-CON-006|UPS-CON-007|UPS-CON-008|UPS-CON-009|UPS-CON-010|UPS-OP-008|UPS-OP-009|UPS-OP-010|UPS-ST-006|UPS-ST-008|UPS-ST-009|UPS-API-007|UPS-API-008|UPS-API-010|ui-prototyping-studio"

> @domainspec/backend@0.1.0 test /home/vrondelli/projects/domainspec-core/implementation/domainspec/backend
> tsx --test src/**/*.test.ts "--test-name-pattern" "UPS-CON-006|UPS-CON-007|UPS-CON-008|UPS-CON-009|UPS-CON-010|UPS-OP-008|UPS-OP-009|UPS-OP-010|UPS-ST-006|UPS-ST-008|UPS-ST-009|UPS-API-007|UPS-API-008|UPS-API-010|ui-prototyping-studio"

TAP version 13
# Subtest: rebuild rejects missing required mirror file
ok 1 - rebuild rejects missing required mirror file
  ---
  duration_ms: 5.504084
  ...
# Subtest: rebuild rejects non-canonical edge labels
ok 2 - rebuild rejects non-canonical edge labels
  ---
  duration_ms: 3.022098
  ...
# Subtest: rebuild rejects unknown edge endpoints
ok 3 - rebuild rejects unknown edge endpoints
  ---
  duration_ms: 2.118185
  ...
# Subtest: rebuild rejects unknown project before parser scan
ok 4 - rebuild rejects unknown project before parser scan
  ---
  duration_ms: 2.422302
  ...
# Subtest: rebuild rejects unavailable feature before parser scan
ok 5 - rebuild rejects unavailable feature before parser scan
  ---
  duration_ms: 1.839048
  ...
# Subtest: rebuild rejects invalid source root/path before parser scan
ok 6 - rebuild rejects invalid source root/path before parser scan
  ---
  duration_ms: 1.230581
  ...
# Subtest: rebuild materializes and persists one projection snapshot
ok 7 - rebuild materializes and persists one projection snapshot
  ---
  duration_ms: 34.396807
  ...
# Subtest: parseSpec reads relationship index from feature graph, cross-feature dependencies, and produces-for
ok 8 - parseSpec reads relationship index from feature graph, cross-feature dependencies, and produces-for
  ---
  duration_ms: 40.261229
  ...
# Subtest: scanFeatureFiles rejects path escapes before file reads
ok 9 - scanFeatureFiles rejects path escapes before file reads
  ---
  duration_ms: 7.31942
  ...
# Subtest: UPS-CON-001 UPS-OP-001 ui-prototyping-studio InitializeSession defaults variantCount to 3 and enforces 1..3
ok 10 - UPS-CON-001 UPS-OP-001 ui-prototyping-studio InitializeSession defaults variantCount to 3 and enforces 1..3
  ---
  duration_ms: 8.899378
  ...
# Subtest: UPS-ST-001 ui-prototyping-studio SubmitPrompt transitions SessionInitialized to PromptCaptured
ok 11 - UPS-ST-001 ui-prototyping-studio SubmitPrompt transitions SessionInitialized to PromptCaptured
  ---
  duration_ms: 0.928414
  ...
# Subtest: UPS-CON-002 UPS-OP-002 UPS-ST-002 ui-prototyping-studio GenerateVariants emits exact variant count and metadata contract
ok 12 - UPS-CON-002 UPS-OP-002 UPS-ST-002 ui-prototyping-studio GenerateVariants emits exact variant count and metadata contract
  ---
  duration_ms: 1.893231
  ...
# Subtest: UPS-CON-003 UPS-OP-003 UPS-ST-003 ui-prototyping-studio multi-variant branch requires explicit baseline selection
ok 13 - UPS-CON-003 UPS-OP-003 UPS-ST-003 ui-prototyping-studio multi-variant branch requires explicit baseline selection
  ---
  duration_ms: 1.799779
  ...
# Subtest: UPS-OP-004 UPS-ST-004 ui-prototyping-studio single-variant branch uses committed baseline
ok 14 - UPS-OP-004 UPS-ST-004 ui-prototyping-studio single-variant branch uses committed baseline
  ---
  duration_ms: 1.252312
  ...
# Subtest: UPS-CON-004 UPS-OP-005 UPS-ST-005 ui-prototyping-studio CaptureCommentEvent enforces gate/schema and transitions to CommentsCaptured
ok 15 - UPS-CON-004 UPS-OP-005 UPS-ST-005 ui-prototyping-studio CaptureCommentEvent enforces gate/schema and transitions to CommentsCaptured
  ---
  duration_ms: 3.867575
  ...
# Subtest: UPS-CON-005 UPS-OP-006 UPS-QRY-003 UPS-ST-006 ui-prototyping-studio synthesis remains deterministic and approval opens apply gate
ok 16 - UPS-CON-005 UPS-OP-006 UPS-QRY-003 UPS-ST-006 ui-prototyping-studio synthesis remains deterministic and approval opens apply gate
  ---
  duration_ms: 5.918713
  ...
# Subtest: UPS-CON-006 UPS-CON-007 UPS-OP-008 UPS-QRY-004 UPS-ST-008 ui-prototyping-studio apply requires manual actor and appends one revision
ok 17 - UPS-CON-006 UPS-CON-007 UPS-OP-008 UPS-QRY-004 UPS-ST-008 ui-prototyping-studio apply requires manual actor and appends one revision
  ---
  duration_ms: 5.937625
  ...
# Subtest: UPS-CON-008 UPS-CON-009 UPS-CON-010 UPS-OP-009 UPS-OP-010 UPS-QRY-005 UPS-ST-009 ui-prototyping-studio handoff export and retrieval require revision evidence
ok 18 - UPS-CON-008 UPS-CON-009 UPS-CON-010 UPS-OP-009 UPS-OP-010 UPS-QRY-005 UPS-ST-009 ui-prototyping-studio handoff export and retrieval require revision evidence
  ---
  duration_ms: 5.30766
  ...
# {"level":30,"time":1778209048814,"pid":1599541,"hostname":"vlad","reqId":"req-1","req":{"method":"GET","url":"/health","host":"localhost:80","remoteAddress":"127.0.0.1"},"msg":"incoming request"}
# Subtest: health endpoint returns ok
ok 19 - health endpoint returns ok
  ---
  duration_ms: 433.143739
  ...
# {"level":30,"time":1778209048864,"pid":1599541,"hostname":"vlad","reqId":"req-1","req":{"method":"POST","url":"/api/ui-prototyping-studio/sessions","host":"localhost:80","remoteAddress":"127.0.0.1"},"msg":"incoming request"}
# Subtest: UPS-API-001 ui-prototyping-studio POST /sessions maps InitializeSession request fields
ok 20 - UPS-API-001 ui-prototyping-studio POST /sessions maps InitializeSession request fields
  ---
  duration_ms: 47.485967
  ...
# {"level":30,"time":1778209048911,"pid":1599541,"hostname":"vlad","reqId":"req-1","req":{"method":"POST","url":"/api/ui-prototyping-studio/sessions","host":"localhost:80","remoteAddress":"127.0.0.1"},"msg":"incoming request"}
# {"level":30,"time":1778209048824,"pid":1599541,"hostname":"vlad","reqId":"req-1","res":{"statusCode":200},"responseTime":8.962278991937637,"msg":"request completed"}
# {"level":30,"time":1778209048881,"pid":1599541,"hostname":"vlad","reqId":"req-1","res":{"statusCode":201},"responseTime":16.048765003681183,"msg":"request completed"}
# {"level":30,"time":1778209048930,"pid":1599541,"hostname":"vlad","reqId":"req-1","res":{"statusCode":201},"responseTime":17.920392006635666,"msg":"request completed"}
# {"level":30,"time":1778209048931,"pid":1599541,"hostname":"vlad","reqId":"req-2","req":{"method":"POST","url":"/api/ui-prototyping-studio/sessions/ups-session-0022/prompt","host":"localhost:80","remoteAddress":"127.0.0.1"},"msg":"incoming request"}
# {"level":30,"time":1778209048935,"pid":1599541,"hostname":"vlad","reqId":"req-2","res":{"statusCode":200},"responseTime":3.8724520206451416,"msg":"request completed"}
# {"level":30,"time":1778209048936,"pid":1599541,"hostname":"vlad","reqId":"req-3","req":{"method":"POST","url":"/api/ui-prototyping-studio/sessions/ups-session-0022/variants/generate","host":"localhost:80","remoteAddress":"127.0.0.1"},"msg":"incoming request"}
# Subtest: UPS-API-002 ui-prototyping-studio POST /sessions/:sessionId/variants/generate exposes GenerateVariants
ok 21 - UPS-API-002 ui-prototyping-studio POST /sessions/:sessionId/variants/generate exposes GenerateVariants
  ---
  duration_ms: 64.737646
  ...
# {"level":30,"time":1778209048976,"pid":1599541,"hostname":"vlad","reqId":"req-1","req":{"method":"POST","url":"/api/ui-prototyping-studio/sessions","host":"localhost:80","remoteAddress":"127.0.0.1"},"msg":"incoming request"}
# {"level":30,"time":1778209048945,"pid":1599541,"hostname":"vlad","reqId":"req-3","res":{"statusCode":200},"responseTime":8.773968994617462,"msg":"request completed"}
# {"level":30,"time":1778209048985,"pid":1599541,"hostname":"vlad","reqId":"req-1","res":{"statusCode":201},"responseTime":8.323417991399765,"msg":"request completed"}
# {"level":30,"time":1778209048986,"pid":1599541,"hostname":"vlad","reqId":"req-2","req":{"method":"POST","url":"/api/ui-prototyping-studio/sessions/ups-session-0023/prompt","host":"localhost:80","remoteAddress":"127.0.0.1"},"msg":"incoming request"}
# {"level":30,"time":1778209048992,"pid":1599541,"hostname":"vlad","reqId":"req-2","res":{"statusCode":200},"responseTime":5.768238991498947,"msg":"request completed"}
# {"level":30,"time":1778209048993,"pid":1599541,"hostname":"vlad","reqId":"req-3","req":{"method":"POST","url":"/api/ui-prototyping-studio/sessions/ups-session-0023/variants/generate","host":"localhost:80","remoteAddress":"127.0.0.1"},"msg":"incoming request"}
# {"level":30,"time":1778209049000,"pid":1599541,"hostname":"vlad","reqId":"req-3","res":{"statusCode":200},"responseTime":6.354905992746353,"msg":"request completed"}
# {"level":30,"time":1778209049001,"pid":1599541,"hostname":"vlad","reqId":"req-4","req":{"method":"POST","url":"/api/ui-prototyping-studio/sessions/ups-session-0023/baseline","host":"localhost:80","remoteAddress":"127.0.0.1"},"msg":"incoming request"}
# {"level":30,"time":1778209049007,"pid":1599541,"hostname":"vlad","reqId":"req-4","res":{"statusCode":409},"responseTime":5.158697992563248,"msg":"request completed"}
# {"level":30,"time":1778209049009,"pid":1599541,"hostname":"vlad","reqId":"req-5","req":{"method":"POST","url":"/api/ui-prototyping-studio/sessions/ups-session-0023/baseline","host":"localhost:80","remoteAddress":"127.0.0.1"},"msg":"incoming request"}
# Subtest: UPS-API-003 ui-prototyping-studio POST /sessions/:sessionId/baseline exposes SelectOrCommitBaseline
ok 22 - UPS-API-003 ui-prototyping-studio POST /sessions/:sessionId/baseline exposes SelectOrCommitBaseline
  ---
  duration_ms: 72.852555
  ...
# {"level":30,"time":1778209049048,"pid":1599541,"hostname":"vlad","reqId":"req-1","req":{"method":"POST","url":"/api/ui-prototyping-studio/sessions","host":"localhost:80","remoteAddress":"127.0.0.1"},"msg":"incoming request"}
# {"level":30,"time":1778209049016,"pid":1599541,"hostname":"vlad","reqId":"req-5","res":{"statusCode":200},"responseTime":6.5342409908771515,"msg":"request completed"}
# {"level":30,"time":1778209049017,"pid":1599541,"hostname":"vlad","reqId":"req-6","req":{"method":"GET","url":"/api/ui-prototyping-studio/sessions/ups-session-0023","host":"localhost:80","remoteAddress":"127.0.0.1"},"msg":"incoming request"}
# {"level":30,"time":1778209049018,"pid":1599541,"hostname":"vlad","reqId":"req-6","res":{"statusCode":200},"responseTime":0.871753990650177,"msg":"request completed"}
# {"level":30,"time":1778209049057,"pid":1599541,"hostname":"vlad","reqId":"req-1","res":{"statusCode":201},"responseTime":8.938966989517212,"msg":"request completed"}
# {"level":30,"time":1778209049059,"pid":1599541,"hostname":"vlad","reqId":"req-2","req":{"method":"POST","url":"/api/ui-prototyping-studio/sessions/ups-session-0024/prompt","host":"localhost:80","remoteAddress":"127.0.0.1"},"msg":"incoming request"}
# {"level":30,"time":1778209049064,"pid":1599541,"hostname":"vlad","reqId":"req-2","res":{"statusCode":200},"responseTime":5.010126978158951,"msg":"request completed"}
# {"level":30,"time":1778209049065,"pid":1599541,"hostname":"vlad","reqId":"req-3","req":{"method":"POST","url":"/api/ui-prototyping-studio/sessions/ups-session-0024/variants/generate","host":"localhost:80","remoteAddress":"127.0.0.1"},"msg":"incoming request"}
# {"level":30,"time":1778209049082,"pid":1599541,"hostname":"vlad","reqId":"req-3","res":{"statusCode":200},"responseTime":17.309123992919922,"msg":"request completed"}
# {"level":30,"time":1778209049083,"pid":1599541,"hostname":"vlad","reqId":"req-4","req":{"method":"POST","url":"/api/ui-prototyping-studio/sessions/ups-session-0024/baseline","host":"localhost:80","remoteAddress":"127.0.0.1"},"msg":"incoming request"}
# {"level":30,"time":1778209049094,"pid":1599541,"hostname":"vlad","reqId":"req-4","res":{"statusCode":200},"responseTime":11.25067400932312,"msg":"request completed"}
# {"level":30,"time":1778209049095,"pid":1599541,"hostname":"vlad","reqId":"req-5","req":{"method":"POST","url":"/api/ui-prototyping-studio/sessions/ups-session-0024/comments","host":"localhost:80","remoteAddress":"127.0.0.1"},"msg":"incoming request"}
# {"level":30,"time":1778209049105,"pid":1599541,"hostname":"vlad","reqId":"req-5","res":{"statusCode":201},"responseTime":10.218062996864319,"msg":"request completed"}
# {"level":30,"time":1778209049106,"pid":1599541,"hostname":"vlad","reqId":"req-6","req":{"method":"POST","url":"/api/ui-prototyping-studio/sessions/ups-session-0024/mutation-batches/synthesize","host":"localhost:80","remoteAddress":"127.0.0.1"},"msg":"incoming request"}
# {"level":30,"time":1778209049123,"pid":1599541,"hostname":"vlad","reqId":"req-6","res":{"statusCode":201},"responseTime":16.940145015716553,"msg":"request completed"}
# {"level":30,"time":1778209049124,"pid":1599541,"hostname":"vlad","reqId":"req-7","req":{"method":"POST","url":"/api/ui-prototyping-studio/sessions/ups-session-0024/comments","host":"localhost:80","remoteAddress":"127.0.0.1"},"msg":"incoming request"}
# {"level":30,"time":1778209049130,"pid":1599541,"hostname":"vlad","reqId":"req-7","res":{"statusCode":201},"responseTime":6.6956579983234406,"msg":"request completed"}
# {"level":30,"time":1778209049131,"pid":1599541,"hostname":"vlad","reqId":"req-8","req":{"method":"POST","url":"/api/ui-prototyping-studio/sessions/ups-session-0024/mutation-batches/synthesize","host":"localhost:80","remoteAddress":"127.0.0.1"},"msg":"incoming request"}
# {"level":30,"time":1778209049140,"pid":1599541,"hostname":"vlad","reqId":"req-8","res":{"statusCode":201},"responseTime":8.545280009508133,"msg":"request completed"}
# {"level":30,"time":1778209049140,"pid":1599541,"hostname":"vlad","reqId":"req-9","req":{"method":"POST","url":"/api/ui-prototyping-studio/sessions/ups-session-0024/mutation-batches/ups-batch-00014/approve","host":"localhost:80","remoteAddress":"127.0.0.1"},"msg":"incoming request"}
# Subtest: UPS-API-004 UPS-API-005 UPS-API-006 ui-prototyping-studio comments, synthesis, and approval endpoints expose WP-02 contracts
ok 23 - UPS-API-004 UPS-API-005 UPS-API-006 ui-prototyping-studio comments, synthesis, and approval endpoints expose WP-02 contracts
  ---
  duration_ms: 127.68775
  ...
# {"level":30,"time":1778209049178,"pid":1599541,"hostname":"vlad","reqId":"req-1","req":{"method":"POST","url":"/api/ui-prototyping-studio/sessions","host":"localhost:80","remoteAddress":"127.0.0.1"},"msg":"incoming request"}
# {"level":30,"time":1778209049146,"pid":1599541,"hostname":"vlad","reqId":"req-9","res":{"statusCode":200},"responseTime":5.7462339997291565,"msg":"request completed"}
# {"level":30,"time":1778209049187,"pid":1599541,"hostname":"vlad","reqId":"req-1","res":{"statusCode":201},"responseTime":8.683911979198456,"msg":"request completed"}
# {"level":30,"time":1778209049188,"pid":1599541,"hostname":"vlad","reqId":"req-2","req":{"method":"POST","url":"/api/ui-prototyping-studio/sessions/ups-session-0025/prompt","host":"localhost:80","remoteAddress":"127.0.0.1"},"msg":"incoming request"}
# {"level":30,"time":1778209049193,"pid":1599541,"hostname":"vlad","reqId":"req-2","res":{"statusCode":200},"responseTime":4.297037988901138,"msg":"request completed"}
# {"level":30,"time":1778209049194,"pid":1599541,"hostname":"vlad","reqId":"req-3","req":{"method":"POST","url":"/api/ui-prototyping-studio/sessions/ups-session-0025/variants/generate","host":"localhost:80","remoteAddress":"127.0.0.1"},"msg":"incoming request"}
# {"level":30,"time":1778209049202,"pid":1599541,"hostname":"vlad","reqId":"req-3","res":{"statusCode":200},"responseTime":8.231527000665665,"msg":"request completed"}
# {"level":30,"time":1778209049203,"pid":1599541,"hostname":"vlad","reqId":"req-4","req":{"method":"POST","url":"/api/ui-prototyping-studio/sessions/ups-session-0025/baseline","host":"localhost:80","remoteAddress":"127.0.0.1"},"msg":"incoming request"}
# {"level":30,"time":1778209049209,"pid":1599541,"hostname":"vlad","reqId":"req-4","res":{"statusCode":200},"responseTime":5.6390970051288605,"msg":"request completed"}
# {"level":30,"time":1778209049209,"pid":1599541,"hostname":"vlad","reqId":"req-5","req":{"method":"POST","url":"/api/ui-prototyping-studio/sessions/ups-session-0025/comments","host":"localhost:80","remoteAddress":"127.0.0.1"},"msg":"incoming request"}
# {"level":30,"time":1778209049217,"pid":1599541,"hostname":"vlad","reqId":"req-5","res":{"statusCode":201},"responseTime":7.922989994287491,"msg":"request completed"}
# {"level":30,"time":1778209049218,"pid":1599541,"hostname":"vlad","reqId":"req-6","req":{"method":"POST","url":"/api/ui-prototyping-studio/sessions/ups-session-0025/mutation-batches/synthesize","host":"localhost:80","remoteAddress":"127.0.0.1"},"msg":"incoming request"}
# {"level":30,"time":1778209049226,"pid":1599541,"hostname":"vlad","reqId":"req-6","res":{"statusCode":201},"responseTime":7.528016984462738,"msg":"request completed"}
# {"level":30,"time":1778209049226,"pid":1599541,"hostname":"vlad","reqId":"req-7","req":{"method":"POST","url":"/api/ui-prototyping-studio/sessions/ups-session-0025/mutation-batches/ups-batch-00015/approve","host":"localhost:80","remoteAddress":"127.0.0.1"},"msg":"incoming request"}
# {"level":30,"time":1778209049231,"pid":1599541,"hostname":"vlad","reqId":"req-7","res":{"statusCode":200},"responseTime":5.227921009063721,"msg":"request completed"}
# {"level":30,"time":1778209049232,"pid":1599541,"hostname":"vlad","reqId":"req-8","req":{"method":"POST","url":"/api/ui-prototyping-studio/sessions/ups-session-0025/mutation-batches/ups-batch-00015/apply","host":"localhost:80","remoteAddress":"127.0.0.1"},"msg":"incoming request"}
# {"level":30,"time":1778209049243,"pid":1599541,"hostname":"vlad","reqId":"req-8","res":{"statusCode":200},"responseTime":10.516687005758286,"msg":"request completed"}
# {"level":30,"time":1778209049243,"pid":1599541,"hostname":"vlad","reqId":"req-9","req":{"method":"POST","url":"/api/ui-prototyping-studio/sessions/ups-session-0025/handoff/export","host":"localhost:80","remoteAddress":"127.0.0.1"},"msg":"incoming request"}
# Subtest: UPS-API-007 UPS-API-008 ui-prototyping-studio apply and handoff endpoints expose WP-03 contracts
ok 24 - UPS-API-007 UPS-API-008 ui-prototyping-studio apply and handoff endpoints expose WP-03 contracts
  ---
  duration_ms: 104.891873
  ...
# Subtest: UPS-API-009 ui-prototyping-studio orchestration module exposes full MVP method surface
ok 25 - UPS-API-009 ui-prototyping-studio orchestration module exposes full MVP method surface
  ---
  duration_ms: 0.884035
  ...
# Subtest: UPS-API-010 ui-prototyping-studio newspaper adapter remains adapter-only and runtime-independent
ok 26 - UPS-API-010 ui-prototyping-studio newspaper adapter remains adapter-only and runtime-independent
  ---
  duration_ms: 1.198569
  ...
# {"level":30,"time":1778209049321,"pid":1599541,"hostname":"vlad","reqId":"req-1","req":{"method":"POST","url":"/api/knowledge-graph/rebuild","host":"localhost:80","remoteAddress":"127.0.0.1"},"msg":"incoming request"}
# {"level":30,"time":1778209049251,"pid":1599541,"hostname":"vlad","reqId":"req-9","res":{"statusCode":200},"responseTime":7.364131987094879,"msg":"request completed"}
# {"level":30,"time":1778209049251,"pid":1599541,"hostname":"vlad","reqId":"req-a","req":{"method":"GET","url":"/api/ui-prototyping-studio/sessions/ups-session-0025/handoff","host":"localhost:80","remoteAddress":"127.0.0.1"},"msg":"incoming request"}
# {"level":30,"time":1778209049252,"pid":1599541,"hostname":"vlad","reqId":"req-a","res":{"statusCode":200},"responseTime":0.7863880097866058,"msg":"request completed"}
# {"level":30,"time":1778209049324,"pid":1599541,"hostname":"vlad","reqId":"req-1","res":{"statusCode":401},"responseTime":2.1259979903697968,"msg":"request completed"}
# {"level":30,"time":1778209049325,"pid":1599541,"hostname":"vlad","reqId":"req-2","req":{"method":"POST","url":"/api/knowledge-graph/rebuild","host":"localhost:80","remoteAddress":"127.0.0.1"},"msg":"incoming request"}
# Subtest: KG-BE-API-014 KG-BE-API-015 rebuild requires write scope and returns deterministic 401/403 diagnostics
ok 27 - KG-BE-API-014 KG-BE-API-015 rebuild requires write scope and returns deterministic 401/403 diagnostics
  ---
  duration_ms: 82.925055
  ...
# {"level":30,"time":1778209049390,"pid":1599541,"hostname":"vlad","reqId":"req-1","req":{"method":"POST","url":"/api/knowledge-graph/rebuild","host":"localhost:80","remoteAddress":"127.0.0.1"},"msg":"incoming request"}
# {"level":30,"time":1778209049326,"pid":1599541,"hostname":"vlad","reqId":"req-2","res":{"statusCode":403},"responseTime":1.0565130114555359,"msg":"request completed"}
# {"level":30,"time":1778209049441,"pid":1599541,"hostname":"vlad","reqId":"req-1","res":{"statusCode":200},"responseTime":51.56529599428177,"msg":"request completed"}
# Subtest: KG-BE-API-016 KG-BE-QRY-001 rebuild persists projection and read endpoints return latest snapshot
ok 28 - KG-BE-API-016 KG-BE-QRY-001 rebuild persists projection and read endpoints return latest snapshot
  ---
  duration_ms: 136.459729
  ...
# {"level":30,"time":1778209049531,"pid":1599541,"hostname":"vlad","reqId":"req-1","req":{"method":"POST","url":"/api/knowledge-graph/rebuild","host":"localhost:80","remoteAddress":"127.0.0.1"},"msg":"incoming request"}
# {"level":30,"time":1778209049444,"pid":1599541,"hostname":"vlad","reqId":"req-2","req":{"method":"GET","url":"/api/knowledge-graph/mirror-cards?featureId=knowledge-graph-visualization","host":"localhost:80","remoteAddress":"127.0.0.1"},"msg":"incoming request"}
# {"level":30,"time":1778209049453,"pid":1599541,"hostname":"vlad","reqId":"req-2","res":{"statusCode":200},"responseTime":9.259752005338669,"msg":"request completed"}
# {"level":30,"time":1778209049454,"pid":1599541,"hostname":"vlad","reqId":"req-3","req":{"method":"GET","url":"/api/knowledge-graph/graph?featureId=knowledge-graph-visualization","host":"localhost:80","remoteAddress":"127.0.0.1"},"msg":"incoming request"}
# {"level":30,"time":1778209049462,"pid":1599541,"hostname":"vlad","reqId":"req-3","res":{"statusCode":200},"responseTime":8.055516988039017,"msg":"request completed"}
# {"level":30,"time":1778209049549,"pid":1599541,"hostname":"vlad","reqId":"req-1","res":{"statusCode":200},"responseTime":17.652372986078262,"msg":"request completed"}
# {"level":30,"time":1778209049550,"pid":1599541,"hostname":"vlad","reqId":"req-2","req":{"method":"GET","url":"/api/knowledge-graph/graph?featureId=knowledge-graph-visualization&viewLevel=concept&activeAspect=SPEC","host":"localhost:80","remoteAddress":"127.0.0.1"},"msg":"incoming request"}
# {"level":30,"time":1778209049555,"pid":1599541,"hostname":"vlad","reqId":"req-2","res":{"statusCode":200},"responseTime":5.319638013839722,"msg":"request completed"}
# {"level":30,"time":1778209049557,"pid":1599541,"hostname":"vlad","reqId":"req-3","req":{"method":"GET","url":"/api/knowledge-graph/concepts/consumer.knowledge-graph-visualization.documentation-reviewers?featureId=knowledge-graph-visualization","host":"localhost:80","remoteAddress":"127.0.0.1"},"msg":"incoming request"}
# {"level":30,"time":1778209049558,"pid":1599541,"hostname":"vlad","reqId":"req-3","res":{"statusCode":401},"responseTime":1.2321119904518127,"msg":"request completed"}
# {"level":30,"time":1778209049559,"pid":1599541,"hostname":"vlad","reqId":"req-4","req":{"method":"GET","url":"/api/knowledge-graph/concepts/consumer.knowledge-graph-visualization.documentation-reviewers?featureId=knowledge-graph-visualization&sessionId=session-stage2&source=graph","host":"localhost:80","remoteAddress":"127.0.0.1"},"msg":"incoming request"}
# {"level":30,"time":1778209049567,"pid":1599541,"hostname":"vlad","reqId":"req-4","res":{"statusCode":200},"responseTime":7.60945200920105,"msg":"request completed"}
# {"level":30,"time":1778209049568,"pid":1599541,"hostname":"vlad","reqId":"req-5","req":{"method":"GET","url":"/api/knowledge-graph/concepts/consumer.knowledge-graph-visualization.documentation-reviewers/definition?featureId=knowledge-graph-visualization","host":"localhost:80","remoteAddress":"127.0.0.1"},"msg":"incoming request"}
# {"level":30,"time":1778209049570,"pid":1599541,"hostname":"vlad","reqId":"req-5","res":{"statusCode":200},"responseTime":2.717747002840042,"msg":"request completed"}
# {"level":30,"time":1778209049571,"pid":1599541,"hostname":"vlad","reqId":"req-6","req":{"method":"POST","url":"/api/knowledge-graph/concepts/consumer.knowledge-graph-visualization.documentation-reviewers/open-definition?featureId=knowledge-graph-visualization","host":"localhost:80","remoteAddress":"127.0.0.1"},"msg":"incoming request"}
# Subtest: concept detail, definition, and open-definition endpoints satisfy stage-2 contract
ok 29 - concept detail, definition, and open-definition endpoints satisfy stage-2 contract
  ---
  duration_ms: 124.430389
  ...
# {"level":30,"time":1778209049645,"pid":1599541,"hostname":"vlad","reqId":"req-1","req":{"method":"POST","url":"/api/knowledge-graph/rebuild","host":"localhost:80","remoteAddress":"127.0.0.1"},"msg":"incoming request"}
# {"level":30,"time":1778209049585,"pid":1599541,"hostname":"vlad","reqId":"req-6","res":{"statusCode":200},"responseTime":14.504139006137848,"msg":"request completed"}
# {"level":30,"time":1778209049654,"pid":1599541,"hostname":"vlad","reqId":"req-1","res":{"statusCode":200},"responseTime":8.031464993953705,"msg":"request completed"}
# {"level":30,"time":1778209049654,"pid":1599541,"hostname":"vlad","reqId":"req-2","req":{"method":"GET","url":"/api/knowledge-graph/graph?featureId=knowledge-graph-visualization&viewLevel=concept&activeAspect=SPEC","host":"localhost:80","remoteAddress":"127.0.0.1"},"msg":"incoming request"}
# {"level":30,"time":1778209049658,"pid":1599541,"hostname":"vlad","reqId":"req-2","res":{"statusCode":200},"responseTime":3.221985012292862,"msg":"request completed"}
# {"level":30,"time":1778209049658,"pid":1599541,"hostname":"vlad","reqId":"req-3","req":{"method":"GET","url":"/api/knowledge-graph/concepts/consumer.knowledge-graph-visualization.documentation-reviewers?featureId=knowledge-graph-visualization&sessionId=session-mismatch&source=graph","host":"localhost:80","remoteAddress":"127.0.0.1"},"msg":"incoming request"}
# {"level":30,"time":1778209049663,"pid":1599541,"hostname":"vlad","reqId":"req-3","res":{"statusCode":200},"responseTime":4.673422008752823,"msg":"request completed"}
# {"level":30,"time":1778209049663,"pid":1599541,"hostname":"vlad","reqId":"req-4","req":{"method":"POST","url":"/api/knowledge-graph/concepts/consumer.knowledge-graph-visualization.domainspec-maintainers/open-definition?featureId=knowledge-graph-visualization","host":"localhost:80","remoteAddress":"127.0.0.1"},"msg":"incoming request"}
# Subtest: open-definition returns deterministic mismatch diagnostics
ok 30 - open-definition returns deterministic mismatch diagnostics
  ---
  duration_ms: 77.903965
  ...
# {"level":30,"time":1778209049725,"pid":1599541,"hostname":"vlad","reqId":"req-1","req":{"method":"POST","url":"/api/knowledge-graph/rebuild","host":"localhost:80","remoteAddress":"127.0.0.1"},"msg":"incoming request"}
# {"level":30,"time":1778209049665,"pid":1599541,"hostname":"vlad","reqId":"req-4","res":{"statusCode":409},"responseTime":1.3111670017242432,"msg":"request completed"}
# {"level":30,"time":1778209049727,"pid":1599541,"hostname":"vlad","reqId":"req-1","res":{"statusCode":404},"responseTime":1.687296986579895,"msg":"request completed"}
# Subtest: rebuild rejects unknown project with deterministic code
ok 31 - rebuild rejects unknown project with deterministic code
  ---
  duration_ms: 59.787217
  ...
# {"level":30,"time":1778209049786,"pid":1599541,"hostname":"vlad","reqId":"req-1","req":{"method":"POST","url":"/api/knowledge-graph/rebuild","host":"localhost:80","remoteAddress":"127.0.0.1"},"msg":"incoming request"}
# {"level":30,"time":1778209049794,"pid":1599541,"hostname":"vlad","reqId":"req-1","res":{"statusCode":200},"responseTime":8.080067992210388,"msg":"request completed"}
# Subtest: KG-BE-API-001 KG-BE-IFMAP-001 KG-BE-IFMAP-002 mirror-cards maps feature and aspect filters deterministically
ok 32 - KG-BE-API-001 KG-BE-IFMAP-001 KG-BE-IFMAP-002 mirror-cards maps feature and aspect filters deterministically
  ---
  duration_ms: 72.930787
  ...
# {"level":30,"time":1778209049863,"pid":1599541,"hostname":"vlad","reqId":"req-1","req":{"method":"POST","url":"/api/knowledge-graph/rebuild","host":"localhost:80","remoteAddress":"127.0.0.1"},"msg":"incoming request"}
# {"level":30,"time":1778209049795,"pid":1599541,"hostname":"vlad","reqId":"req-2","req":{"method":"GET","url":"/api/knowledge-graph/mirror-cards?featureId=knowledge-graph-visualization&includeOptionalAspects=false&aspectKinds=SPEC,OPERATIONS","host":"localhost:80","remoteAddress":"127.0.0.1"},"msg":"incoming request"}
# {"level":30,"time":1778209049797,"pid":1599541,"hostname":"vlad","reqId":"req-2","res":{"statusCode":200},"responseTime":2.357341021299362,"msg":"request completed"}
# {"level":30,"time":1778209049874,"pid":1599541,"hostname":"vlad","reqId":"req-1","res":{"statusCode":200},"responseTime":10.652808994054794,"msg":"request completed"}
# Subtest: KG-BE-API-004 KG-BE-IFMAP-004 graph applies edgeKinds filter
ok 33 - KG-BE-API-004 KG-BE-IFMAP-004 graph applies edgeKinds filter
  ---
  duration_ms: 83.263506
  ...
# {"level":30,"time":1778209049948,"pid":1599541,"hostname":"vlad","reqId":"req-1","req":{"method":"GET","url":"/api/knowledge-graph/mirror-cards?projectKey=disabled-project&featureId=knowledge-graph-visualization","host":"localhost:80","remoteAddress":"127.0.0.1"},"msg":"incoming request"}
# Subtest: cross-project scope guards reject disabled project keys and unavailable features
ok 34 - cross-project scope guards reject disabled project keys and unavailable features
  ---
  duration_ms: 67.71053
  ...
# {"level":30,"time":1778209050013,"pid":1599541,"hostname":"vlad","reqId":"req-1","req":{"method":"POST","url":"/api/knowledge-graph/rebuild","host":"localhost:80","remoteAddress":"127.0.0.1"},"msg":"incoming request"}
# {"level":30,"time":1778209049874,"pid":1599541,"hostname":"vlad","reqId":"req-2","req":{"method":"GET","url":"/api/knowledge-graph/graph?featureId=knowledge-graph-visualization&viewLevel=aspect&activeAspect=SPEC","host":"localhost:80","remoteAddress":"127.0.0.1"},"msg":"incoming request"}
# {"level":30,"time":1778209049878,"pid":1599541,"hostname":"vlad","reqId":"req-2","res":{"statusCode":200},"responseTime":3.090481996536255,"msg":"request completed"}
# {"level":30,"time":1778209049878,"pid":1599541,"hostname":"vlad","reqId":"req-3","req":{"method":"GET","url":"/api/knowledge-graph/graph?featureId=knowledge-graph-visualization&viewLevel=aspect&activeAspect=SPEC&edgeKinds=queries","host":"localhost:80","remoteAddress":"127.0.0.1"},"msg":"incoming request"}
# {"level":30,"time":1778209049881,"pid":1599541,"hostname":"vlad","reqId":"req-3","res":{"statusCode":200},"responseTime":3.3317739963531494,"msg":"request completed"}
# {"level":30,"time":1778209049949,"pid":1599541,"hostname":"vlad","reqId":"req-1","res":{"statusCode":404},"responseTime":0.899757981300354,"msg":"request completed"}
# {"level":30,"time":1778209049950,"pid":1599541,"hostname":"vlad","reqId":"req-2","req":{"method":"GET","url":"/api/knowledge-graph/graph?projectKey=domainspec-core&featureId=missing-feature&viewLevel=aspect&activeAspect=SPEC","host":"localhost:80","remoteAddress":"127.0.0.1"},"msg":"incoming request"}
# {"level":30,"time":1778209049951,"pid":1599541,"hostname":"vlad","reqId":"req-2","res":{"statusCode":404},"responseTime":0.717837005853653,"msg":"request completed"}
# {"level":30,"time":1778209050021,"pid":1599541,"hostname":"vlad","reqId":"req-1","res":{"statusCode":200},"responseTime":8.045402973890305,"msg":"request completed"}
# Subtest: cross-project scope guards isolate snapshots per (projectKey, featureId)
ok 35 - cross-project scope guards isolate snapshots per (projectKey, featureId)
  ---
  duration_ms: 78.18673
  ...
# {"level":30,"time":1778209050086,"pid":1599541,"hostname":"vlad","reqId":"req-1","req":{"method":"POST","url":"/api/knowledge-graph/rebuild","host":"localhost:80","remoteAddress":"127.0.0.1"},"msg":"incoming request"}
# {"level":30,"time":1778209050022,"pid":1599541,"hostname":"vlad","reqId":"req-2","req":{"method":"GET","url":"/api/knowledge-graph/mirror-cards?projectKey=alt-project&featureId=knowledge-graph-visualization","host":"localhost:80","remoteAddress":"127.0.0.1"},"msg":"incoming request"}
# {"level":30,"time":1778209050024,"pid":1599541,"hostname":"vlad","reqId":"req-2","res":{"statusCode":200},"responseTime":2.1559520065784454,"msg":"request completed"}
# {"level":30,"time":1778209050025,"pid":1599541,"hostname":"vlad","reqId":"req-3","req":{"method":"GET","url":"/api/knowledge-graph/mirror-cards?projectKey=domainspec-core&featureId=knowledge-graph-visualization","host":"localhost:80","remoteAddress":"127.0.0.1"},"msg":"incoming request"}
# {"level":30,"time":1778209050027,"pid":1599541,"hostname":"vlad","reqId":"req-3","res":{"statusCode":404},"responseTime":2.755621999502182,"msg":"request completed"}
# {"level":30,"time":1778209050096,"pid":1599541,"hostname":"vlad","reqId":"req-1","res":{"statusCode":200},"responseTime":8.981101006269455,"msg":"request completed"}
# Subtest: graph query maps board-level fields and validates selected group card
ok 36 - graph query maps board-level fields and validates selected group card
  ---
  duration_ms: 79.891678
  ...
# {"level":30,"time":1778209050174,"pid":1599541,"hostname":"vlad","reqId":"req-1","req":{"method":"POST","url":"/api/knowledge-graph/rebuild","host":"localhost:80","remoteAddress":"127.0.0.1"},"msg":"incoming request"}
# {"level":30,"time":1778209050096,"pid":1599541,"hostname":"vlad","reqId":"req-2","req":{"method":"GET","url":"/api/knowledge-graph/graph?featureId=knowledge-graph-visualization&viewLevel=concept&activeAspect=SPEC","host":"localhost:80","remoteAddress":"127.0.0.1"},"msg":"incoming request"}
# {"level":30,"time":1778209050100,"pid":1599541,"hostname":"vlad","reqId":"req-2","res":{"statusCode":200},"responseTime":3.621266007423401,"msg":"request completed"}
# {"level":30,"time":1778209050101,"pid":1599541,"hostname":"vlad","reqId":"req-3","req":{"method":"GET","url":"/api/knowledge-graph/graph?featureId=knowledge-graph-visualization&viewLevel=concept&activeAspect=SPEC&selectedGroupKey=SPEC.md&cardTypes=concept","host":"localhost:80","remoteAddress":"127.0.0.1"},"msg":"incoming request"}
# {"level":30,"time":1778209050104,"pid":1599541,"hostname":"vlad","reqId":"req-3","res":{"statusCode":200},"responseTime":3.2710019946098328,"msg":"request completed"}
# {"level":30,"time":1778209050105,"pid":1599541,"hostname":"vlad","reqId":"req-4","req":{"method":"GET","url":"/api/knowledge-graph/graph?featureId=knowledge-graph-visualization&viewLevel=concept&activeAspect=SPEC&selectedGroupKey=missing-group","host":"localhost:80","remoteAddress":"127.0.0.1"},"msg":"incoming request"}
# {"level":30,"time":1778209050108,"pid":1599541,"hostname":"vlad","reqId":"req-4","res":{"statusCode":404},"responseTime":2.9803750216960907,"msg":"request completed"}
# {"level":30,"time":1778209050182,"pid":1599541,"hostname":"vlad","reqId":"req-1","res":{"statusCode":200},"responseTime":8.18104898929596,"msg":"request completed"}
# Subtest: concept detail selection enforces whiteboard card validation diagnostics
ok 37 - concept detail selection enforces whiteboard card validation diagnostics
  ---
  duration_ms: 87.576758
  ...
# {"level":30,"time":1778209050249,"pid":1599541,"hostname":"vlad","reqId":"req-1","req":{"method":"POST","url":"/api/knowledge-graph/rebuild","host":"localhost:80","remoteAddress":"127.0.0.1"},"msg":"incoming request"}
# {"level":30,"time":1778209050183,"pid":1599541,"hostname":"vlad","reqId":"req-2","req":{"method":"GET","url":"/api/knowledge-graph/graph?featureId=knowledge-graph-visualization&viewLevel=concept&activeAspect=SPEC","host":"localhost:80","remoteAddress":"127.0.0.1"},"msg":"incoming request"}
# {"level":30,"time":1778209050186,"pid":1599541,"hostname":"vlad","reqId":"req-2","res":{"statusCode":200},"responseTime":3.2095820009708405,"msg":"request completed"}
# {"level":30,"time":1778209050188,"pid":1599541,"hostname":"vlad","reqId":"req-3","req":{"method":"GET","url":"/api/knowledge-graph/concepts/consumer.knowledge-graph-visualization.documentation-reviewers?featureId=knowledge-graph-visualization&sessionId=session-card-validation&source=board&viewLevel=concept&activeAspect=SPEC&selectedCardType=concept&selectedCardId=concept%3Amissing.concept","host":"localhost:80","remoteAddress":"127.0.0.1"},"msg":"incoming request"}
# {"level":30,"time":1778209050192,"pid":1599541,"hostname":"vlad","reqId":"req-3","res":{"statusCode":404},"responseTime":4.220144987106323,"msg":"request completed"}
# {"level":30,"time":1778209050193,"pid":1599541,"hostname":"vlad","reqId":"req-4","req":{"method":"GET","url":"/api/knowledge-graph/concepts/consumer.knowledge-graph-visualization.documentation-reviewers?featureId=knowledge-graph-visualization&sessionId=session-card-validation&source=board&viewLevel=concept&activeAspect=SPEC&selectedCardType=concept&selectedCardId=concept%3Aconsumer.knowledge-graph-visualization.domainspec-maintainers","host":"localhost:80","remoteAddress":"127.0.0.1"},"msg":"incoming request"}
# {"level":30,"time":1778209050197,"pid":1599541,"hostname":"vlad","reqId":"req-4","res":{"statusCode":422},"responseTime":3.7330920100212097,"msg":"request completed"}
# {"level":30,"time":1778209050270,"pid":1599541,"hostname":"vlad","reqId":"req-1","res":{"statusCode":200},"responseTime":20.590130001306534,"msg":"request completed"}
# {"level":30,"time":1778209050271,"pid":1599541,"hostname":"vlad","reqId":"req-2","req":{"method":"GET","url":"/api/knowledge-graph/graph?projectKey=domainspec-core&featureId=knowledge-graph-visualization&viewLevel=concept&activeAspect=SPEC","host":"localhost:80","remoteAddress":"127.0.0.1"},"msg":"incoming request"}
# {"level":30,"time":1778209050274,"pid":1599541,"hostname":"vlad","reqId":"req-2","res":{"statusCode":200},"responseTime":3.5769470036029816,"msg":"request completed"}
# {"level":30,"time":1778209050275,"pid":1599541,"hostname":"vlad","reqId":"req-3","req":{"method":"GET","url":"/api/knowledge-graph/concepts/consumer.knowledge-graph-visualization.documentation-reviewers?projectKey=domainspec-core&featureId=knowledge-graph-visualization&sessionId=session-scope-mismatch&source=board&viewLevel=concept&activeAspect=SPEC","host":"localhost:80","remoteAddress":"127.0.0.1"},"msg":"incoming request"}
# {"level":30,"time":1778209050280,"pid":1599541,"hostname":"vlad","reqId":"req-3","res":{"statusCode":200},"responseTime":4.2997539937496185,"msg":"request completed"}
# {"level":30,"time":1778209050280,"pid":1599541,"hostname":"vlad","reqId":"req-4","req":{"method":"GET","url":"/api/knowledge-graph/concepts/consumer.knowledge-graph-visualization.documentation-reviewers?projectKey=alt-project&featureId=knowledge-graph-visualization&sessionId=session-scope-mismatch&source=board&viewLevel=concept&activeAspect=SPEC","host":"localhost:80","remoteAddress":"127.0.0.1"},"msg":"incoming request"}
# {"level":30,"time":1778209050281,"pid":1599541,"hostname":"vlad","reqId":"req-4","res":{"statusCode":409},"responseTime":0.7267490029335022,"msg":"request completed"}
# {"level":30,"time":1778209050282,"pid":1599541,"hostname":"vlad","reqId":"req-5","req":{"method":"POST","url":"/api/knowledge-graph/concepts/consumer.knowledge-graph-visualization.documentation-reviewers/open-definition?projectKey=alt-project&featureId=knowledge-graph-visualization","host":"localhost:80","remoteAddress":"127.0.0.1"},"msg":"incoming request"}
# Subtest: concept and definition operations return scope mismatch diagnostics for reused session IDs
ok 38 - concept and definition operations return scope mismatch diagnostics for reused session IDs
  ---
  duration_ms: 89.024425
  ...
# {"level":30,"time":1778209050341,"pid":1599541,"hostname":"vlad","reqId":"req-1","req":{"method":"POST","url":"/api/knowledge-graph/rebuild","host":"localhost:80","remoteAddress":"127.0.0.1"},"msg":"incoming request"}
# {"level":30,"time":1778209050283,"pid":1599541,"hostname":"vlad","reqId":"req-5","res":{"statusCode":409},"responseTime":1.5362550020217896,"msg":"request completed"}
# {"level":30,"time":1778209050343,"pid":1599541,"hostname":"vlad","reqId":"req-1","res":{"statusCode":422},"responseTime":1.8150679767131805,"msg":"request completed"}
# Subtest: rebuild rejects invalid feature path escapes before file reads
ok 39 - rebuild rejects invalid feature path escapes before file reads
  ---
  duration_ms: 57.702853
  ...
1..39
# tests 39
# suites 0
# pass 39
# fail 0
# cancelled 0
# skipped 0
# todo 0
# duration_ms 3784.765975
[terminal_guard] exit=0 durationMs=6417 lines=349 bytes=40561

$ pnpm --filter @domainspec/web exec playwright test --grep "UPS-UI-007|UPS-UI-008|ui-prototyping-studio"

Running 8 tests using 2 workers

  ✓  2 [chromium] › e2e/ui-prototyping-studio/ui-prototyping-studio.wp01.spec.ts:10:3 › ui-prototyping-studio WP-01 › UPS-UI-001 ui-prototyping-studio route exposes authenticated workbench shell (1.3s)
  ✓  1 [chromium] › e2e/ui-prototyping-studio/ui-prototyping-studio.wp02wp03.spec.ts:10:3 › ui-prototyping-studio WP-02/WP-03 › UPS-UI-006 ui-prototyping-studio manual approval is required before apply controls become active (2.7s)
  ✓  3 [chromium] › e2e/ui-prototyping-studio/ui-prototyping-studio.wp01.spec.ts:24:3 › ui-prototyping-studio WP-01 › UPS-UI-002 ui-prototyping-studio renders required workbench panels (1.3s)
  ✓  5 [chromium] › e2e/ui-prototyping-studio/ui-prototyping-studio.wp01.spec.ts:46:3 › ui-prototyping-studio WP-01 › UPS-UI-003 ui-prototyping-studio form contracts enforce variantCount bounds selector (994ms)
  ✓  4 [chromium] › e2e/ui-prototyping-studio/ui-prototyping-studio.wp02wp03.spec.ts:29:3 › ui-prototyping-studio WP-02/WP-03 › UPS-UI-007 ui-prototyping-studio state indicator reflects domain state transitions (2.2s)
  ✓  6 [chromium] › e2e/ui-prototyping-studio/ui-prototyping-studio.wp01.spec.ts:55:3 › ui-prototyping-studio WP-01 › UPS-UI-004 ui-prototyping-studio multi-variant flow locks annotation until explicit baseline selection (1.5s)
  ✓  8 [chromium] › e2e/ui-prototyping-studio/ui-prototyping-studio.wp01.spec.ts:84:3 › ui-prototyping-studio WP-01 › UPS-UI-005 ui-prototyping-studio single-variant flow shows committed baseline path (1.2s)
  ✓  7 [chromium] › e2e/ui-prototyping-studio/ui-prototyping-studio.wp02wp03.spec.ts:63:3 › ui-prototyping-studio WP-02/WP-03 › UPS-UI-008 ui-prototyping-studio security constraints keep escaped text rendering and enforce server-side gate checks (2.0s)

  8 passed (9.9s)
[terminal_guard] exit=0 durationMs=14282 lines=13 bytes=1861
