$ pnpm --filter @domainspec/backend check

> @domainspec/backend@0.1.0 check /home/vrondelli/projects/domainspec-core/implementation/domainspec/backend
> tsc -p tsconfig.json --noEmit

[terminal_guard] exit=0 durationMs=9593 lines=4 bytes=143

$ pnpm --filter @domainspec/web check

> @domainspec/web@0.1.0 check /home/vrondelli/projects/domainspec-core/implementation/domainspec/apps/web
> tsc --noEmit

[terminal_guard] exit=0 durationMs=7429 lines=4 bytes=123

$ pnpm --filter @domainspec/backend test -- --test-name-pattern "UPS-CON-004|UPS-CON-005|UPS-OP-005|UPS-OP-006|UPS-OP-007|UPS-ST-005|UPS-API-004|UPS-API-005|UPS-API-006|ui-prototyping-studio"

> @domainspec/backend@0.1.0 test /home/vrondelli/projects/domainspec-core/implementation/domainspec/backend
> tsx --test src/**/*.test.ts "--test-name-pattern" "UPS-CON-004|UPS-CON-005|UPS-OP-005|UPS-OP-006|UPS-OP-007|UPS-ST-005|UPS-API-004|UPS-API-005|UPS-API-006|ui-prototyping-studio"

TAP version 13
# Subtest: rebuild rejects missing required mirror file
ok 1 - rebuild rejects missing required mirror file
  ---
  duration_ms: 8.892418
  ...
# Subtest: rebuild rejects non-canonical edge labels
ok 2 - rebuild rejects non-canonical edge labels
  ---
  duration_ms: 2.078827
  ...
# Subtest: rebuild rejects unknown edge endpoints
ok 3 - rebuild rejects unknown edge endpoints
  ---
  duration_ms: 1.486401
  ...
# Subtest: rebuild rejects unknown project before parser scan
ok 4 - rebuild rejects unknown project before parser scan
  ---
  duration_ms: 1.304724
  ...
# Subtest: rebuild rejects unavailable feature before parser scan
ok 5 - rebuild rejects unavailable feature before parser scan
  ---
  duration_ms: 0.766301
  ...
# Subtest: rebuild rejects invalid source root/path before parser scan
ok 6 - rebuild rejects invalid source root/path before parser scan
  ---
  duration_ms: 1.215261
  ...
# Subtest: rebuild materializes and persists one projection snapshot
ok 7 - rebuild materializes and persists one projection snapshot
  ---
  duration_ms: 37.492469
  ...
# Subtest: parseSpec reads relationship index from feature graph, cross-feature dependencies, and produces-for
ok 8 - parseSpec reads relationship index from feature graph, cross-feature dependencies, and produces-for
  ---
  duration_ms: 47.143115
  ...
# Subtest: scanFeatureFiles rejects path escapes before file reads
ok 9 - scanFeatureFiles rejects path escapes before file reads
  ---
  duration_ms: 12.253308
  ...
# Subtest: UPS-CON-001 UPS-OP-001 ui-prototyping-studio InitializeSession defaults variantCount to 3 and enforces 1..3
ok 10 - UPS-CON-001 UPS-OP-001 ui-prototyping-studio InitializeSession defaults variantCount to 3 and enforces 1..3
  ---
  duration_ms: 17.339146
  ...
# Subtest: UPS-ST-001 ui-prototyping-studio SubmitPrompt transitions SessionInitialized to PromptCaptured
ok 11 - UPS-ST-001 ui-prototyping-studio SubmitPrompt transitions SessionInitialized to PromptCaptured
  ---
  duration_ms: 1.700713
  ...
# Subtest: UPS-CON-002 UPS-OP-002 UPS-ST-002 ui-prototyping-studio GenerateVariants emits exact variant count and metadata contract
ok 12 - UPS-CON-002 UPS-OP-002 UPS-ST-002 ui-prototyping-studio GenerateVariants emits exact variant count and metadata contract
  ---
  duration_ms: 3.069613
  ...
# Subtest: UPS-CON-003 UPS-OP-003 UPS-ST-003 ui-prototyping-studio multi-variant branch requires explicit baseline selection
ok 13 - UPS-CON-003 UPS-OP-003 UPS-ST-003 ui-prototyping-studio multi-variant branch requires explicit baseline selection
  ---
  duration_ms: 2.516035
  ...
# Subtest: UPS-OP-004 UPS-ST-004 ui-prototyping-studio single-variant branch uses committed baseline
ok 14 - UPS-OP-004 UPS-ST-004 ui-prototyping-studio single-variant branch uses committed baseline
  ---
  duration_ms: 1.409106
  ...
# Subtest: UPS-CON-004 UPS-OP-005 UPS-ST-005 ui-prototyping-studio CaptureCommentEvent enforces gate/schema and transitions to CommentsCaptured
ok 15 - UPS-CON-004 UPS-OP-005 UPS-ST-005 ui-prototyping-studio CaptureCommentEvent enforces gate/schema and transitions to CommentsCaptured
  ---
  duration_ms: 10.281922
  ...
# Subtest: UPS-CON-005 UPS-OP-006 UPS-QRY-003 UPS-ST-006 ui-prototyping-studio synthesis remains deterministic and approval opens apply gate
ok 16 - UPS-CON-005 UPS-OP-006 UPS-QRY-003 UPS-ST-006 ui-prototyping-studio synthesis remains deterministic and approval opens apply gate
  ---
  duration_ms: 13.810763
  ...
# Subtest: UPS-CON-006 UPS-CON-007 UPS-OP-008 UPS-QRY-004 UPS-ST-008 ui-prototyping-studio apply requires manual actor and appends one revision
ok 17 - UPS-CON-006 UPS-CON-007 UPS-OP-008 UPS-QRY-004 UPS-ST-008 ui-prototyping-studio apply requires manual actor and appends one revision
  ---
  duration_ms: 6.160197
  ...
# Subtest: UPS-CON-008 UPS-CON-009 UPS-CON-010 UPS-OP-009 UPS-OP-010 UPS-QRY-005 UPS-ST-009 ui-prototyping-studio handoff export and retrieval require revision evidence
ok 18 - UPS-CON-008 UPS-CON-009 UPS-CON-010 UPS-OP-009 UPS-OP-010 UPS-QRY-005 UPS-ST-009 ui-prototyping-studio handoff export and retrieval require revision evidence
  ---
  duration_ms: 15.615462
  ...
# {"level":30,"time":1778208943700,"pid":1597500,"hostname":"vlad","reqId":"req-1","req":{"method":"GET","url":"/health","host":"localhost:80","remoteAddress":"127.0.0.1"},"msg":"incoming request"}
# Subtest: health endpoint returns ok
ok 19 - health endpoint returns ok
  ---
  duration_ms: 463.840615
  ...
# {"level":30,"time":1778208943748,"pid":1597500,"hostname":"vlad","reqId":"req-1","req":{"method":"POST","url":"/api/ui-prototyping-studio/sessions","host":"localhost:80","remoteAddress":"127.0.0.1"},"msg":"incoming request"}
# Subtest: UPS-API-001 ui-prototyping-studio POST /sessions maps InitializeSession request fields
ok 20 - UPS-API-001 ui-prototyping-studio POST /sessions maps InitializeSession request fields
  ---
  duration_ms: 44.397348
  ...
# {"level":30,"time":1778208943788,"pid":1597500,"hostname":"vlad","reqId":"req-1","req":{"method":"POST","url":"/api/ui-prototyping-studio/sessions","host":"localhost:80","remoteAddress":"127.0.0.1"},"msg":"incoming request"}
# {"level":30,"time":1778208943713,"pid":1597500,"hostname":"vlad","reqId":"req-1","res":{"statusCode":200},"responseTime":10.474063009023666,"msg":"request completed"}
# {"level":30,"time":1778208943763,"pid":1597500,"hostname":"vlad","reqId":"req-1","res":{"statusCode":201},"responseTime":14.680593997240067,"msg":"request completed"}
# {"level":30,"time":1778208943810,"pid":1597500,"hostname":"vlad","reqId":"req-1","res":{"statusCode":201},"responseTime":20.78030300140381,"msg":"request completed"}
# {"level":30,"time":1778208943813,"pid":1597500,"hostname":"vlad","reqId":"req-2","req":{"method":"POST","url":"/api/ui-prototyping-studio/sessions/ups-session-0012/prompt","host":"localhost:80","remoteAddress":"127.0.0.1"},"msg":"incoming request"}
# {"level":30,"time":1778208943818,"pid":1597500,"hostname":"vlad","reqId":"req-2","res":{"statusCode":200},"responseTime":5.044384002685547,"msg":"request completed"}
# {"level":30,"time":1778208943819,"pid":1597500,"hostname":"vlad","reqId":"req-3","req":{"method":"POST","url":"/api/ui-prototyping-studio/sessions/ups-session-0012/variants/generate","host":"localhost:80","remoteAddress":"127.0.0.1"},"msg":"incoming request"}
# Subtest: UPS-API-002 ui-prototyping-studio POST /sessions/:sessionId/variants/generate exposes GenerateVariants
ok 21 - UPS-API-002 ui-prototyping-studio POST /sessions/:sessionId/variants/generate exposes GenerateVariants
  ---
  duration_ms: 67.002802
  ...
# {"level":30,"time":1778208943855,"pid":1597500,"hostname":"vlad","reqId":"req-1","req":{"method":"POST","url":"/api/ui-prototyping-studio/sessions","host":"localhost:80","remoteAddress":"127.0.0.1"},"msg":"incoming request"}
# {"level":30,"time":1778208943831,"pid":1597500,"hostname":"vlad","reqId":"req-3","res":{"statusCode":200},"responseTime":11.531471997499466,"msg":"request completed"}
# {"level":30,"time":1778208943864,"pid":1597500,"hostname":"vlad","reqId":"req-1","res":{"statusCode":201},"responseTime":8.206322997808456,"msg":"request completed"}
# {"level":30,"time":1778208943865,"pid":1597500,"hostname":"vlad","reqId":"req-2","req":{"method":"POST","url":"/api/ui-prototyping-studio/sessions/ups-session-0013/prompt","host":"localhost:80","remoteAddress":"127.0.0.1"},"msg":"incoming request"}
# {"level":30,"time":1778208943868,"pid":1597500,"hostname":"vlad","reqId":"req-2","res":{"statusCode":200},"responseTime":3.2896029949188232,"msg":"request completed"}
# {"level":30,"time":1778208943869,"pid":1597500,"hostname":"vlad","reqId":"req-3","req":{"method":"POST","url":"/api/ui-prototyping-studio/sessions/ups-session-0013/variants/generate","host":"localhost:80","remoteAddress":"127.0.0.1"},"msg":"incoming request"}
# {"level":30,"time":1778208943874,"pid":1597500,"hostname":"vlad","reqId":"req-3","res":{"statusCode":200},"responseTime":5.50008499622345,"msg":"request completed"}
# {"level":30,"time":1778208943876,"pid":1597500,"hostname":"vlad","reqId":"req-4","req":{"method":"POST","url":"/api/ui-prototyping-studio/sessions/ups-session-0013/baseline","host":"localhost:80","remoteAddress":"127.0.0.1"},"msg":"incoming request"}
# {"level":30,"time":1778208943880,"pid":1597500,"hostname":"vlad","reqId":"req-4","res":{"statusCode":409},"responseTime":4.0401929914951324,"msg":"request completed"}
# {"level":30,"time":1778208943882,"pid":1597500,"hostname":"vlad","reqId":"req-5","req":{"method":"POST","url":"/api/ui-prototyping-studio/sessions/ups-session-0013/baseline","host":"localhost:80","remoteAddress":"127.0.0.1"},"msg":"incoming request"}
# Subtest: UPS-API-003 ui-prototyping-studio POST /sessions/:sessionId/baseline exposes SelectOrCommitBaseline
ok 22 - UPS-API-003 ui-prototyping-studio POST /sessions/:sessionId/baseline exposes SelectOrCommitBaseline
  ---
  duration_ms: 58.605139
  ...
# {"level":30,"time":1778208943914,"pid":1597500,"hostname":"vlad","reqId":"req-1","req":{"method":"POST","url":"/api/ui-prototyping-studio/sessions","host":"localhost:80","remoteAddress":"127.0.0.1"},"msg":"incoming request"}
# {"level":30,"time":1778208943887,"pid":1597500,"hostname":"vlad","reqId":"req-5","res":{"statusCode":200},"responseTime":4.637800991535187,"msg":"request completed"}
# {"level":30,"time":1778208943888,"pid":1597500,"hostname":"vlad","reqId":"req-6","req":{"method":"GET","url":"/api/ui-prototyping-studio/sessions/ups-session-0013","host":"localhost:80","remoteAddress":"127.0.0.1"},"msg":"incoming request"}
# {"level":30,"time":1778208943890,"pid":1597500,"hostname":"vlad","reqId":"req-6","res":{"statusCode":200},"responseTime":1.0621069967746735,"msg":"request completed"}
# {"level":30,"time":1778208943920,"pid":1597500,"hostname":"vlad","reqId":"req-1","res":{"statusCode":201},"responseTime":6.337743014097214,"msg":"request completed"}
# {"level":30,"time":1778208943921,"pid":1597500,"hostname":"vlad","reqId":"req-2","req":{"method":"POST","url":"/api/ui-prototyping-studio/sessions/ups-session-0014/prompt","host":"localhost:80","remoteAddress":"127.0.0.1"},"msg":"incoming request"}
# {"level":30,"time":1778208943924,"pid":1597500,"hostname":"vlad","reqId":"req-2","res":{"statusCode":200},"responseTime":2.615552991628647,"msg":"request completed"}
# {"level":30,"time":1778208943925,"pid":1597500,"hostname":"vlad","reqId":"req-3","req":{"method":"POST","url":"/api/ui-prototyping-studio/sessions/ups-session-0014/variants/generate","host":"localhost:80","remoteAddress":"127.0.0.1"},"msg":"incoming request"}
# {"level":30,"time":1778208943930,"pid":1597500,"hostname":"vlad","reqId":"req-3","res":{"statusCode":200},"responseTime":4.780102014541626,"msg":"request completed"}
# {"level":30,"time":1778208943930,"pid":1597500,"hostname":"vlad","reqId":"req-4","req":{"method":"POST","url":"/api/ui-prototyping-studio/sessions/ups-session-0014/baseline","host":"localhost:80","remoteAddress":"127.0.0.1"},"msg":"incoming request"}
# {"level":30,"time":1778208943934,"pid":1597500,"hostname":"vlad","reqId":"req-4","res":{"statusCode":200},"responseTime":3.7379349768161774,"msg":"request completed"}
# {"level":30,"time":1778208943935,"pid":1597500,"hostname":"vlad","reqId":"req-5","req":{"method":"POST","url":"/api/ui-prototyping-studio/sessions/ups-session-0014/comments","host":"localhost:80","remoteAddress":"127.0.0.1"},"msg":"incoming request"}
# {"level":30,"time":1778208943943,"pid":1597500,"hostname":"vlad","reqId":"req-5","res":{"statusCode":201},"responseTime":7.713458985090256,"msg":"request completed"}
# {"level":30,"time":1778208943943,"pid":1597500,"hostname":"vlad","reqId":"req-6","req":{"method":"POST","url":"/api/ui-prototyping-studio/sessions/ups-session-0014/mutation-batches/synthesize","host":"localhost:80","remoteAddress":"127.0.0.1"},"msg":"incoming request"}
# {"level":30,"time":1778208943950,"pid":1597500,"hostname":"vlad","reqId":"req-6","res":{"statusCode":201},"responseTime":6.765395998954773,"msg":"request completed"}
# {"level":30,"time":1778208943951,"pid":1597500,"hostname":"vlad","reqId":"req-7","req":{"method":"POST","url":"/api/ui-prototyping-studio/sessions/ups-session-0014/comments","host":"localhost:80","remoteAddress":"127.0.0.1"},"msg":"incoming request"}
# {"level":30,"time":1778208943966,"pid":1597500,"hostname":"vlad","reqId":"req-7","res":{"statusCode":201},"responseTime":14.838616997003555,"msg":"request completed"}
# {"level":30,"time":1778208943966,"pid":1597500,"hostname":"vlad","reqId":"req-8","req":{"method":"POST","url":"/api/ui-prototyping-studio/sessions/ups-session-0014/mutation-batches/synthesize","host":"localhost:80","remoteAddress":"127.0.0.1"},"msg":"incoming request"}
# {"level":30,"time":1778208943973,"pid":1597500,"hostname":"vlad","reqId":"req-8","res":{"statusCode":201},"responseTime":6.7896429896354675,"msg":"request completed"}
# {"level":30,"time":1778208943974,"pid":1597500,"hostname":"vlad","reqId":"req-9","req":{"method":"POST","url":"/api/ui-prototyping-studio/sessions/ups-session-0014/mutation-batches/ups-batch-00008/approve","host":"localhost:80","remoteAddress":"127.0.0.1"},"msg":"incoming request"}
# Subtest: UPS-API-004 UPS-API-005 UPS-API-006 ui-prototyping-studio comments, synthesis, and approval endpoints expose WP-02 contracts
ok 23 - UPS-API-004 UPS-API-005 UPS-API-006 ui-prototyping-studio comments, synthesis, and approval endpoints expose WP-02 contracts
  ---
  duration_ms: 91.540657
  ...
# {"level":30,"time":1778208944015,"pid":1597500,"hostname":"vlad","reqId":"req-1","req":{"method":"POST","url":"/api/ui-prototyping-studio/sessions","host":"localhost:80","remoteAddress":"127.0.0.1"},"msg":"incoming request"}
# {"level":30,"time":1778208943981,"pid":1597500,"hostname":"vlad","reqId":"req-9","res":{"statusCode":200},"responseTime":6.423895001411438,"msg":"request completed"}
# {"level":30,"time":1778208944038,"pid":1597500,"hostname":"vlad","reqId":"req-1","res":{"statusCode":201},"responseTime":21.857225000858307,"msg":"request completed"}
# {"level":30,"time":1778208944039,"pid":1597500,"hostname":"vlad","reqId":"req-2","req":{"method":"POST","url":"/api/ui-prototyping-studio/sessions/ups-session-0015/prompt","host":"localhost:80","remoteAddress":"127.0.0.1"},"msg":"incoming request"}
# {"level":30,"time":1778208944042,"pid":1597500,"hostname":"vlad","reqId":"req-2","res":{"statusCode":200},"responseTime":2.9356690049171448,"msg":"request completed"}
# {"level":30,"time":1778208944042,"pid":1597500,"hostname":"vlad","reqId":"req-3","req":{"method":"POST","url":"/api/ui-prototyping-studio/sessions/ups-session-0015/variants/generate","host":"localhost:80","remoteAddress":"127.0.0.1"},"msg":"incoming request"}
# {"level":30,"time":1778208944046,"pid":1597500,"hostname":"vlad","reqId":"req-3","res":{"statusCode":200},"responseTime":3.4675480127334595,"msg":"request completed"}
# {"level":30,"time":1778208944047,"pid":1597500,"hostname":"vlad","reqId":"req-4","req":{"method":"POST","url":"/api/ui-prototyping-studio/sessions/ups-session-0015/baseline","host":"localhost:80","remoteAddress":"127.0.0.1"},"msg":"incoming request"}
# {"level":30,"time":1778208944050,"pid":1597500,"hostname":"vlad","reqId":"req-4","res":{"statusCode":200},"responseTime":3.5150949954986572,"msg":"request completed"}
# {"level":30,"time":1778208944052,"pid":1597500,"hostname":"vlad","reqId":"req-5","req":{"method":"POST","url":"/api/ui-prototyping-studio/sessions/ups-session-0015/comments","host":"localhost:80","remoteAddress":"127.0.0.1"},"msg":"incoming request"}
# {"level":30,"time":1778208944058,"pid":1597500,"hostname":"vlad","reqId":"req-5","res":{"statusCode":201},"responseTime":6.389536023139954,"msg":"request completed"}
# {"level":30,"time":1778208944059,"pid":1597500,"hostname":"vlad","reqId":"req-6","req":{"method":"POST","url":"/api/ui-prototyping-studio/sessions/ups-session-0015/mutation-batches/synthesize","host":"localhost:80","remoteAddress":"127.0.0.1"},"msg":"incoming request"}
# {"level":30,"time":1778208944064,"pid":1597500,"hostname":"vlad","reqId":"req-6","res":{"statusCode":201},"responseTime":5.251222997903824,"msg":"request completed"}
# {"level":30,"time":1778208944065,"pid":1597500,"hostname":"vlad","reqId":"req-7","req":{"method":"POST","url":"/api/ui-prototyping-studio/sessions/ups-session-0015/mutation-batches/ups-batch-00009/approve","host":"localhost:80","remoteAddress":"127.0.0.1"},"msg":"incoming request"}
# {"level":30,"time":1778208944069,"pid":1597500,"hostname":"vlad","reqId":"req-7","res":{"statusCode":200},"responseTime":4.448790013790131,"msg":"request completed"}
# {"level":30,"time":1778208944070,"pid":1597500,"hostname":"vlad","reqId":"req-8","req":{"method":"POST","url":"/api/ui-prototyping-studio/sessions/ups-session-0015/mutation-batches/ups-batch-00009/apply","host":"localhost:80","remoteAddress":"127.0.0.1"},"msg":"incoming request"}
# {"level":30,"time":1778208944079,"pid":1597500,"hostname":"vlad","reqId":"req-8","res":{"statusCode":200},"responseTime":8.244951009750366,"msg":"request completed"}
# {"level":30,"time":1778208944080,"pid":1597500,"hostname":"vlad","reqId":"req-9","req":{"method":"POST","url":"/api/ui-prototyping-studio/sessions/ups-session-0015/handoff/export","host":"localhost:80","remoteAddress":"127.0.0.1"},"msg":"incoming request"}
# Subtest: UPS-API-007 UPS-API-008 ui-prototyping-studio apply and handoff endpoints expose WP-03 contracts
ok 24 - UPS-API-007 UPS-API-008 ui-prototyping-studio apply and handoff endpoints expose WP-03 contracts
  ---
  duration_ms: 104.875008
  ...
# Subtest: UPS-API-009 ui-prototyping-studio orchestration module exposes full MVP method surface
ok 25 - UPS-API-009 ui-prototyping-studio orchestration module exposes full MVP method surface
  ---
  duration_ms: 1.185202
  ...
# Subtest: UPS-API-010 ui-prototyping-studio newspaper adapter remains adapter-only and runtime-independent
ok 26 - UPS-API-010 ui-prototyping-studio newspaper adapter remains adapter-only and runtime-independent
  ---
  duration_ms: 1.246774
  ...
# {"level":30,"time":1778208944142,"pid":1597500,"hostname":"vlad","reqId":"req-1","req":{"method":"POST","url":"/api/knowledge-graph/rebuild","host":"localhost:80","remoteAddress":"127.0.0.1"},"msg":"incoming request"}
# {"level":30,"time":1778208944085,"pid":1597500,"hostname":"vlad","reqId":"req-9","res":{"statusCode":200},"responseTime":5.02529701590538,"msg":"request completed"}
# {"level":30,"time":1778208944086,"pid":1597500,"hostname":"vlad","reqId":"req-a","req":{"method":"GET","url":"/api/ui-prototyping-studio/sessions/ups-session-0015/handoff","host":"localhost:80","remoteAddress":"127.0.0.1"},"msg":"incoming request"}
# {"level":30,"time":1778208944087,"pid":1597500,"hostname":"vlad","reqId":"req-a","res":{"statusCode":200},"responseTime":0.84996098279953,"msg":"request completed"}
# {"level":30,"time":1778208944145,"pid":1597500,"hostname":"vlad","reqId":"req-1","res":{"statusCode":401},"responseTime":2.853870004415512,"msg":"request completed"}
# {"level":30,"time":1778208944146,"pid":1597500,"hostname":"vlad","reqId":"req-2","req":{"method":"POST","url":"/api/knowledge-graph/rebuild","host":"localhost:80","remoteAddress":"127.0.0.1"},"msg":"incoming request"}
# Subtest: KG-BE-API-014 KG-BE-API-015 rebuild requires write scope and returns deterministic 401/403 diagnostics
ok 27 - KG-BE-API-014 KG-BE-API-015 rebuild requires write scope and returns deterministic 401/403 diagnostics
  ---
  duration_ms: 69.701509
  ...
# {"level":30,"time":1778208944213,"pid":1597500,"hostname":"vlad","reqId":"req-1","req":{"method":"POST","url":"/api/knowledge-graph/rebuild","host":"localhost:80","remoteAddress":"127.0.0.1"},"msg":"incoming request"}
# {"level":30,"time":1778208944147,"pid":1597500,"hostname":"vlad","reqId":"req-2","res":{"statusCode":403},"responseTime":1.2814090251922607,"msg":"request completed"}
# {"level":30,"time":1778208944286,"pid":1597500,"hostname":"vlad","reqId":"req-1","res":{"statusCode":200},"responseTime":71.68643501400948,"msg":"request completed"}
# Subtest: KG-BE-API-016 KG-BE-QRY-001 rebuild persists projection and read endpoints return latest snapshot
ok 28 - KG-BE-API-016 KG-BE-QRY-001 rebuild persists projection and read endpoints return latest snapshot
  ---
  duration_ms: 164.495234
  ...
# {"level":30,"time":1778208944388,"pid":1597500,"hostname":"vlad","reqId":"req-1","req":{"method":"POST","url":"/api/knowledge-graph/rebuild","host":"localhost:80","remoteAddress":"127.0.0.1"},"msg":"incoming request"}
# {"level":30,"time":1778208944287,"pid":1597500,"hostname":"vlad","reqId":"req-2","req":{"method":"GET","url":"/api/knowledge-graph/mirror-cards?featureId=knowledge-graph-visualization","host":"localhost:80","remoteAddress":"127.0.0.1"},"msg":"incoming request"}
# {"level":30,"time":1778208944298,"pid":1597500,"hostname":"vlad","reqId":"req-2","res":{"statusCode":200},"responseTime":10.920442998409271,"msg":"request completed"}
# {"level":30,"time":1778208944299,"pid":1597500,"hostname":"vlad","reqId":"req-3","req":{"method":"GET","url":"/api/knowledge-graph/graph?featureId=knowledge-graph-visualization","host":"localhost:80","remoteAddress":"127.0.0.1"},"msg":"incoming request"}
# {"level":30,"time":1778208944307,"pid":1597500,"hostname":"vlad","reqId":"req-3","res":{"statusCode":200},"responseTime":8.270696014165878,"msg":"request completed"}
# {"level":30,"time":1778208944408,"pid":1597500,"hostname":"vlad","reqId":"req-1","res":{"statusCode":200},"responseTime":19.98548799753189,"msg":"request completed"}
# {"level":30,"time":1778208944409,"pid":1597500,"hostname":"vlad","reqId":"req-2","req":{"method":"GET","url":"/api/knowledge-graph/graph?featureId=knowledge-graph-visualization&viewLevel=concept&activeAspect=SPEC","host":"localhost:80","remoteAddress":"127.0.0.1"},"msg":"incoming request"}
# {"level":30,"time":1778208944416,"pid":1597500,"hostname":"vlad","reqId":"req-2","res":{"statusCode":200},"responseTime":6.582542985677719,"msg":"request completed"}
# {"level":30,"time":1778208944417,"pid":1597500,"hostname":"vlad","reqId":"req-3","req":{"method":"GET","url":"/api/knowledge-graph/concepts/consumer.knowledge-graph-visualization.documentation-reviewers?featureId=knowledge-graph-visualization","host":"localhost:80","remoteAddress":"127.0.0.1"},"msg":"incoming request"}
# {"level":30,"time":1778208944419,"pid":1597500,"hostname":"vlad","reqId":"req-3","res":{"statusCode":401},"responseTime":1.7885090112686157,"msg":"request completed"}
# {"level":30,"time":1778208944421,"pid":1597500,"hostname":"vlad","reqId":"req-4","req":{"method":"GET","url":"/api/knowledge-graph/concepts/consumer.knowledge-graph-visualization.documentation-reviewers?featureId=knowledge-graph-visualization&sessionId=session-stage2&source=graph","host":"localhost:80","remoteAddress":"127.0.0.1"},"msg":"incoming request"}
# {"level":30,"time":1778208944430,"pid":1597500,"hostname":"vlad","reqId":"req-4","res":{"statusCode":200},"responseTime":9.499962002038956,"msg":"request completed"}
# {"level":30,"time":1778208944431,"pid":1597500,"hostname":"vlad","reqId":"req-5","req":{"method":"GET","url":"/api/knowledge-graph/concepts/consumer.knowledge-graph-visualization.documentation-reviewers/definition?featureId=knowledge-graph-visualization","host":"localhost:80","remoteAddress":"127.0.0.1"},"msg":"incoming request"}
# {"level":30,"time":1778208944436,"pid":1597500,"hostname":"vlad","reqId":"req-5","res":{"statusCode":200},"responseTime":5.0622169971466064,"msg":"request completed"}
# {"level":30,"time":1778208944437,"pid":1597500,"hostname":"vlad","reqId":"req-6","req":{"method":"POST","url":"/api/knowledge-graph/concepts/consumer.knowledge-graph-visualization.documentation-reviewers/open-definition?featureId=knowledge-graph-visualization","host":"localhost:80","remoteAddress":"127.0.0.1"},"msg":"incoming request"}
# Subtest: concept detail, definition, and open-definition endpoints satisfy stage-2 contract
ok 29 - concept detail, definition, and open-definition endpoints satisfy stage-2 contract
  ---
  duration_ms: 136.755424
  ...
# {"level":30,"time":1778208944528,"pid":1597500,"hostname":"vlad","reqId":"req-1","req":{"method":"POST","url":"/api/knowledge-graph/rebuild","host":"localhost:80","remoteAddress":"127.0.0.1"},"msg":"incoming request"}
# {"level":30,"time":1778208944445,"pid":1597500,"hostname":"vlad","reqId":"req-6","res":{"statusCode":200},"responseTime":8.344047993421555,"msg":"request completed"}
# {"level":30,"time":1778208944541,"pid":1597500,"hostname":"vlad","reqId":"req-1","res":{"statusCode":200},"responseTime":13.354447990655899,"msg":"request completed"}
# {"level":30,"time":1778208944543,"pid":1597500,"hostname":"vlad","reqId":"req-2","req":{"method":"GET","url":"/api/knowledge-graph/graph?featureId=knowledge-graph-visualization&viewLevel=concept&activeAspect=SPEC","host":"localhost:80","remoteAddress":"127.0.0.1"},"msg":"incoming request"}
# {"level":30,"time":1778208944549,"pid":1597500,"hostname":"vlad","reqId":"req-2","res":{"statusCode":200},"responseTime":6.532383024692535,"msg":"request completed"}
# {"level":30,"time":1778208944551,"pid":1597500,"hostname":"vlad","reqId":"req-3","req":{"method":"GET","url":"/api/knowledge-graph/concepts/consumer.knowledge-graph-visualization.documentation-reviewers?featureId=knowledge-graph-visualization&sessionId=session-mismatch&source=graph","host":"localhost:80","remoteAddress":"127.0.0.1"},"msg":"incoming request"}
# {"level":30,"time":1778208944560,"pid":1597500,"hostname":"vlad","reqId":"req-3","res":{"statusCode":200},"responseTime":8.803808003664017,"msg":"request completed"}
# {"level":30,"time":1778208944561,"pid":1597500,"hostname":"vlad","reqId":"req-4","req":{"method":"POST","url":"/api/knowledge-graph/concepts/consumer.knowledge-graph-visualization.domainspec-maintainers/open-definition?featureId=knowledge-graph-visualization","host":"localhost:80","remoteAddress":"127.0.0.1"},"msg":"incoming request"}
# Subtest: open-definition returns deterministic mismatch diagnostics
ok 30 - open-definition returns deterministic mismatch diagnostics
  ---
  duration_ms: 119.322321
  ...
# {"level":30,"time":1778208944631,"pid":1597500,"hostname":"vlad","reqId":"req-1","req":{"method":"POST","url":"/api/knowledge-graph/rebuild","host":"localhost:80","remoteAddress":"127.0.0.1"},"msg":"incoming request"}
# {"level":30,"time":1778208944567,"pid":1597500,"hostname":"vlad","reqId":"req-4","res":{"statusCode":409},"responseTime":6.507530987262726,"msg":"request completed"}
# {"level":30,"time":1778208944633,"pid":1597500,"hostname":"vlad","reqId":"req-1","res":{"statusCode":404},"responseTime":1.8037259876728058,"msg":"request completed"}
# Subtest: rebuild rejects unknown project with deterministic code
ok 31 - rebuild rejects unknown project with deterministic code
  ---
  duration_ms: 64.572924
  ...
# {"level":30,"time":1778208944699,"pid":1597500,"hostname":"vlad","reqId":"req-1","req":{"method":"POST","url":"/api/knowledge-graph/rebuild","host":"localhost:80","remoteAddress":"127.0.0.1"},"msg":"incoming request"}
# {"level":30,"time":1778208944710,"pid":1597500,"hostname":"vlad","reqId":"req-1","res":{"statusCode":200},"responseTime":10.887563973665237,"msg":"request completed"}
# Subtest: KG-BE-API-001 KG-BE-IFMAP-001 KG-BE-IFMAP-002 mirror-cards maps feature and aspect filters deterministically
ok 32 - KG-BE-API-001 KG-BE-IFMAP-001 KG-BE-IFMAP-002 mirror-cards maps feature and aspect filters deterministically
  ---
  duration_ms: 86.473852
  ...
# {"level":30,"time":1778208944793,"pid":1597500,"hostname":"vlad","reqId":"req-1","req":{"method":"POST","url":"/api/knowledge-graph/rebuild","host":"localhost:80","remoteAddress":"127.0.0.1"},"msg":"incoming request"}
# {"level":30,"time":1778208944711,"pid":1597500,"hostname":"vlad","reqId":"req-2","req":{"method":"GET","url":"/api/knowledge-graph/mirror-cards?featureId=knowledge-graph-visualization&includeOptionalAspects=false&aspectKinds=SPEC,OPERATIONS","host":"localhost:80","remoteAddress":"127.0.0.1"},"msg":"incoming request"}
# {"level":30,"time":1778208944714,"pid":1597500,"hostname":"vlad","reqId":"req-2","res":{"statusCode":200},"responseTime":2.4632279872894287,"msg":"request completed"}
# {"level":30,"time":1778208944809,"pid":1597500,"hostname":"vlad","reqId":"req-1","res":{"statusCode":200},"responseTime":15.171145021915436,"msg":"request completed"}
# Subtest: KG-BE-API-004 KG-BE-IFMAP-004 graph applies edgeKinds filter
ok 33 - KG-BE-API-004 KG-BE-IFMAP-004 graph applies edgeKinds filter
  ---
  duration_ms: 107.018461
  ...
# {"level":30,"time":1778208944898,"pid":1597500,"hostname":"vlad","reqId":"req-1","req":{"method":"GET","url":"/api/knowledge-graph/mirror-cards?projectKey=disabled-project&featureId=knowledge-graph-visualization","host":"localhost:80","remoteAddress":"127.0.0.1"},"msg":"incoming request"}
# Subtest: cross-project scope guards reject disabled project keys and unavailable features
ok 34 - cross-project scope guards reject disabled project keys and unavailable features
  ---
  duration_ms: 73.606613
  ...
# {"level":30,"time":1778208944970,"pid":1597500,"hostname":"vlad","reqId":"req-1","req":{"method":"POST","url":"/api/knowledge-graph/rebuild","host":"localhost:80","remoteAddress":"127.0.0.1"},"msg":"incoming request"}
# {"level":30,"time":1778208944811,"pid":1597500,"hostname":"vlad","reqId":"req-2","req":{"method":"GET","url":"/api/knowledge-graph/graph?featureId=knowledge-graph-visualization&viewLevel=aspect&activeAspect=SPEC","host":"localhost:80","remoteAddress":"127.0.0.1"},"msg":"incoming request"}
# {"level":30,"time":1778208944816,"pid":1597500,"hostname":"vlad","reqId":"req-2","res":{"statusCode":200},"responseTime":4.730740994215012,"msg":"request completed"}
# {"level":30,"time":1778208944817,"pid":1597500,"hostname":"vlad","reqId":"req-3","req":{"method":"GET","url":"/api/knowledge-graph/graph?featureId=knowledge-graph-visualization&viewLevel=aspect&activeAspect=SPEC&edgeKinds=queries","host":"localhost:80","remoteAddress":"127.0.0.1"},"msg":"incoming request"}
# {"level":30,"time":1778208944822,"pid":1597500,"hostname":"vlad","reqId":"req-3","res":{"statusCode":200},"responseTime":5.517659991979599,"msg":"request completed"}
# {"level":30,"time":1778208944899,"pid":1597500,"hostname":"vlad","reqId":"req-1","res":{"statusCode":404},"responseTime":0.7213509976863861,"msg":"request completed"}
# {"level":30,"time":1778208944899,"pid":1597500,"hostname":"vlad","reqId":"req-2","req":{"method":"GET","url":"/api/knowledge-graph/graph?projectKey=domainspec-core&featureId=missing-feature&viewLevel=aspect&activeAspect=SPEC","host":"localhost:80","remoteAddress":"127.0.0.1"},"msg":"incoming request"}
# {"level":30,"time":1778208944904,"pid":1597500,"hostname":"vlad","reqId":"req-2","res":{"statusCode":404},"responseTime":4.0183809995651245,"msg":"request completed"}
# {"level":30,"time":1778208944994,"pid":1597500,"hostname":"vlad","reqId":"req-1","res":{"statusCode":200},"responseTime":23.430360019207,"msg":"request completed"}
# Subtest: cross-project scope guards isolate snapshots per (projectKey, featureId)
ok 35 - cross-project scope guards isolate snapshots per (projectKey, featureId)
  ---
  duration_ms: 106.306875
  ...
# {"level":30,"time":1778208945060,"pid":1597500,"hostname":"vlad","reqId":"req-1","req":{"method":"POST","url":"/api/knowledge-graph/rebuild","host":"localhost:80","remoteAddress":"127.0.0.1"},"msg":"incoming request"}
# {"level":30,"time":1778208944996,"pid":1597500,"hostname":"vlad","reqId":"req-2","req":{"method":"GET","url":"/api/knowledge-graph/mirror-cards?projectKey=alt-project&featureId=knowledge-graph-visualization","host":"localhost:80","remoteAddress":"127.0.0.1"},"msg":"incoming request"}
# {"level":30,"time":1778208945000,"pid":1597500,"hostname":"vlad","reqId":"req-2","res":{"statusCode":200},"responseTime":4.114511996507645,"msg":"request completed"}
# {"level":30,"time":1778208945002,"pid":1597500,"hostname":"vlad","reqId":"req-3","req":{"method":"GET","url":"/api/knowledge-graph/mirror-cards?projectKey=domainspec-core&featureId=knowledge-graph-visualization","host":"localhost:80","remoteAddress":"127.0.0.1"},"msg":"incoming request"}
# {"level":30,"time":1778208945005,"pid":1597500,"hostname":"vlad","reqId":"req-3","res":{"statusCode":404},"responseTime":2.328999012708664,"msg":"request completed"}
# {"level":30,"time":1778208945069,"pid":1597500,"hostname":"vlad","reqId":"req-1","res":{"statusCode":200},"responseTime":9.048469990491867,"msg":"request completed"}
# Subtest: graph query maps board-level fields and validates selected group card
ok 36 - graph query maps board-level fields and validates selected group card
  ---
  duration_ms: 74.084449
  ...
# {"level":30,"time":1778208945136,"pid":1597500,"hostname":"vlad","reqId":"req-1","req":{"method":"POST","url":"/api/knowledge-graph/rebuild","host":"localhost:80","remoteAddress":"127.0.0.1"},"msg":"incoming request"}
# {"level":30,"time":1778208945070,"pid":1597500,"hostname":"vlad","reqId":"req-2","req":{"method":"GET","url":"/api/knowledge-graph/graph?featureId=knowledge-graph-visualization&viewLevel=concept&activeAspect=SPEC","host":"localhost:80","remoteAddress":"127.0.0.1"},"msg":"incoming request"}
# {"level":30,"time":1778208945073,"pid":1597500,"hostname":"vlad","reqId":"req-2","res":{"statusCode":200},"responseTime":2.7767359912395477,"msg":"request completed"}
# {"level":30,"time":1778208945074,"pid":1597500,"hostname":"vlad","reqId":"req-3","req":{"method":"GET","url":"/api/knowledge-graph/graph?featureId=knowledge-graph-visualization&viewLevel=concept&activeAspect=SPEC&selectedGroupKey=SPEC.md&cardTypes=concept","host":"localhost:80","remoteAddress":"127.0.0.1"},"msg":"incoming request"}
# {"level":30,"time":1778208945078,"pid":1597500,"hostname":"vlad","reqId":"req-3","res":{"statusCode":200},"responseTime":3.423889994621277,"msg":"request completed"}
# {"level":30,"time":1778208945078,"pid":1597500,"hostname":"vlad","reqId":"req-4","req":{"method":"GET","url":"/api/knowledge-graph/graph?featureId=knowledge-graph-visualization&viewLevel=concept&activeAspect=SPEC&selectedGroupKey=missing-group","host":"localhost:80","remoteAddress":"127.0.0.1"},"msg":"incoming request"}
# {"level":30,"time":1778208945081,"pid":1597500,"hostname":"vlad","reqId":"req-4","res":{"statusCode":404},"responseTime":3.0587509870529175,"msg":"request completed"}
# {"level":30,"time":1778208945143,"pid":1597500,"hostname":"vlad","reqId":"req-1","res":{"statusCode":200},"responseTime":7.055389016866684,"msg":"request completed"}
# Subtest: concept detail selection enforces whiteboard card validation diagnostics
ok 37 - concept detail selection enforces whiteboard card validation diagnostics
  ---
  duration_ms: 71.629272
  ...
# {"level":30,"time":1778208945206,"pid":1597500,"hostname":"vlad","reqId":"req-1","req":{"method":"POST","url":"/api/knowledge-graph/rebuild","host":"localhost:80","remoteAddress":"127.0.0.1"},"msg":"incoming request"}
# {"level":30,"time":1778208945144,"pid":1597500,"hostname":"vlad","reqId":"req-2","req":{"method":"GET","url":"/api/knowledge-graph/graph?featureId=knowledge-graph-visualization&viewLevel=concept&activeAspect=SPEC","host":"localhost:80","remoteAddress":"127.0.0.1"},"msg":"incoming request"}
# {"level":30,"time":1778208945147,"pid":1597500,"hostname":"vlad","reqId":"req-2","res":{"statusCode":200},"responseTime":2.799987018108368,"msg":"request completed"}
# {"level":30,"time":1778208945148,"pid":1597500,"hostname":"vlad","reqId":"req-3","req":{"method":"GET","url":"/api/knowledge-graph/concepts/consumer.knowledge-graph-visualization.documentation-reviewers?featureId=knowledge-graph-visualization&sessionId=session-card-validation&source=board&viewLevel=concept&activeAspect=SPEC&selectedCardType=concept&selectedCardId=concept%3Amissing.concept","host":"localhost:80","remoteAddress":"127.0.0.1"},"msg":"incoming request"}
# {"level":30,"time":1778208945151,"pid":1597500,"hostname":"vlad","reqId":"req-3","res":{"statusCode":404},"responseTime":3.177938014268875,"msg":"request completed"}
# {"level":30,"time":1778208945152,"pid":1597500,"hostname":"vlad","reqId":"req-4","req":{"method":"GET","url":"/api/knowledge-graph/concepts/consumer.knowledge-graph-visualization.documentation-reviewers?featureId=knowledge-graph-visualization&sessionId=session-card-validation&source=board&viewLevel=concept&activeAspect=SPEC&selectedCardType=concept&selectedCardId=concept%3Aconsumer.knowledge-graph-visualization.domainspec-maintainers","host":"localhost:80","remoteAddress":"127.0.0.1"},"msg":"incoming request"}
# {"level":30,"time":1778208945154,"pid":1597500,"hostname":"vlad","reqId":"req-4","res":{"statusCode":422},"responseTime":2.563378006219864,"msg":"request completed"}
# {"level":30,"time":1778208945215,"pid":1597500,"hostname":"vlad","reqId":"req-1","res":{"statusCode":200},"responseTime":8.559379994869232,"msg":"request completed"}
# {"level":30,"time":1778208945216,"pid":1597500,"hostname":"vlad","reqId":"req-2","req":{"method":"GET","url":"/api/knowledge-graph/graph?projectKey=domainspec-core&featureId=knowledge-graph-visualization&viewLevel=concept&activeAspect=SPEC","host":"localhost:80","remoteAddress":"127.0.0.1"},"msg":"incoming request"}
# {"level":30,"time":1778208945220,"pid":1597500,"hostname":"vlad","reqId":"req-2","res":{"statusCode":200},"responseTime":3.4260500073432922,"msg":"request completed"}
# {"level":30,"time":1778208945221,"pid":1597500,"hostname":"vlad","reqId":"req-3","req":{"method":"GET","url":"/api/knowledge-graph/concepts/consumer.knowledge-graph-visualization.documentation-reviewers?projectKey=domainspec-core&featureId=knowledge-graph-visualization&sessionId=session-scope-mismatch&source=board&viewLevel=concept&activeAspect=SPEC","host":"localhost:80","remoteAddress":"127.0.0.1"},"msg":"incoming request"}
# {"level":30,"time":1778208945225,"pid":1597500,"hostname":"vlad","reqId":"req-3","res":{"statusCode":200},"responseTime":4.515302002429962,"msg":"request completed"}
# {"level":30,"time":1778208945226,"pid":1597500,"hostname":"vlad","reqId":"req-4","req":{"method":"GET","url":"/api/knowledge-graph/concepts/consumer.knowledge-graph-visualization.documentation-reviewers?projectKey=alt-project&featureId=knowledge-graph-visualization&sessionId=session-scope-mismatch&source=board&viewLevel=concept&activeAspect=SPEC","host":"localhost:80","remoteAddress":"127.0.0.1"},"msg":"incoming request"}
# {"level":30,"time":1778208945226,"pid":1597500,"hostname":"vlad","reqId":"req-4","res":{"statusCode":409},"responseTime":0.6090189814567566,"msg":"request completed"}
# {"level":30,"time":1778208945227,"pid":1597500,"hostname":"vlad","reqId":"req-5","req":{"method":"POST","url":"/api/knowledge-graph/concepts/consumer.knowledge-graph-visualization.documentation-reviewers/open-definition?projectKey=alt-project&featureId=knowledge-graph-visualization","host":"localhost:80","remoteAddress":"127.0.0.1"},"msg":"incoming request"}
# Subtest: concept and definition operations return scope mismatch diagnostics for reused session IDs
ok 38 - concept and definition operations return scope mismatch diagnostics for reused session IDs
  ---
  duration_ms: 76.54386
  ...
# {"level":30,"time":1778208945282,"pid":1597500,"hostname":"vlad","reqId":"req-1","req":{"method":"POST","url":"/api/knowledge-graph/rebuild","host":"localhost:80","remoteAddress":"127.0.0.1"},"msg":"incoming request"}
# {"level":30,"time":1778208945230,"pid":1597500,"hostname":"vlad","reqId":"req-5","res":{"statusCode":409},"responseTime":2.4386689960956573,"msg":"request completed"}
# {"level":30,"time":1778208945296,"pid":1597500,"hostname":"vlad","reqId":"req-1","res":{"statusCode":422},"responseTime":13.346159994602203,"msg":"request completed"}
# Subtest: rebuild rejects invalid feature path escapes before file reads
ok 39 - rebuild rejects invalid feature path escapes before file reads
  ---
  duration_ms: 65.309282
  ...
1..39
# tests 39
# suites 0
# pass 39
# fail 0
# cancelled 0
# skipped 0
# todo 0
# duration_ms 4509.796443
[terminal_guard] exit=0 durationMs=7193 lines=349 bytes=40510

$ pnpm --filter @domainspec/web exec playwright test --grep "UPS-UI-003|UPS-UI-006|UPS-UI-007|ui-prototyping-studio"

Running 8 tests using 2 workers

  ✓  1 [chromium] › e2e/ui-prototyping-studio/ui-prototyping-studio.wp01.spec.ts:10:3 › ui-prototyping-studio WP-01 › UPS-UI-001 ui-prototyping-studio route exposes authenticated workbench shell (1.2s)
  ✓  2 [chromium] › e2e/ui-prototyping-studio/ui-prototyping-studio.wp02wp03.spec.ts:10:3 › ui-prototyping-studio WP-02/WP-03 › UPS-UI-006 ui-prototyping-studio manual approval is required before apply controls become active (2.2s)
  ✓  3 [chromium] › e2e/ui-prototyping-studio/ui-prototyping-studio.wp01.spec.ts:24:3 › ui-prototyping-studio WP-01 › UPS-UI-002 ui-prototyping-studio renders required workbench panels (1.1s)
  ✓  5 [chromium] › e2e/ui-prototyping-studio/ui-prototyping-studio.wp01.spec.ts:46:3 › ui-prototyping-studio WP-01 › UPS-UI-003 ui-prototyping-studio form contracts enforce variantCount bounds selector (999ms)
  ✓  4 [chromium] › e2e/ui-prototyping-studio/ui-prototyping-studio.wp02wp03.spec.ts:29:3 › ui-prototyping-studio WP-02/WP-03 › UPS-UI-007 ui-prototyping-studio state indicator reflects domain state transitions (2.0s)
  ✓  6 [chromium] › e2e/ui-prototyping-studio/ui-prototyping-studio.wp01.spec.ts:55:3 › ui-prototyping-studio WP-01 › UPS-UI-004 ui-prototyping-studio multi-variant flow locks annotation until explicit baseline selection (1.5s)
  ✓  8 [chromium] › e2e/ui-prototyping-studio/ui-prototyping-studio.wp01.spec.ts:84:3 › ui-prototyping-studio WP-01 › UPS-UI-005 ui-prototyping-studio single-variant flow shows committed baseline path (1.3s)
  ✓  7 [chromium] › e2e/ui-prototyping-studio/ui-prototyping-studio.wp02wp03.spec.ts:63:3 › ui-prototyping-studio WP-02/WP-03 › UPS-UI-008 ui-prototyping-studio security constraints keep escaped text rendering and enforce server-side gate checks (2.1s)

  8 passed (9.5s)
[terminal_guard] exit=0 durationMs=14450 lines=13 bytes=1861
